ARM Linker, 5.03 [Build 76] [MDK-ARM Lite]

==============================================================================

Section Cross References

    startup_tm4c123.o(STACK) refers (Special) to heapauxi.o(.text) for __use_two_region_memory
    startup_tm4c123.o(HEAP) refers (Special) to heapauxi.o(.text) for __use_two_region_memory
    startup_tm4c123.o(RESET) refers (Special) to heapauxi.o(.text) for __use_two_region_memory
    startup_tm4c123.o(RESET) refers to startup_tm4c123.o(STACK) for __initial_sp
    startup_tm4c123.o(RESET) refers to startup_tm4c123.o(.text) for Reset_Handler
    startup_tm4c123.o(.text) refers (Special) to heapauxi.o(.text) for __use_two_region_memory
    startup_tm4c123.o(.text) refers to __main.o(!!!main) for __main
    startup_tm4c123.o(.text) refers to startup_tm4c123.o(HEAP) for Heap_Mem
    startup_tm4c123.o(.text) refers to startup_tm4c123.o(STACK) for Stack_Mem
    uart.o(.text) refers to dflt_clz.o(x$fpl$dfltu) for __aeabi_ui2d
    uart.o(.text) refers to dmul.o(x$fpl$dmul) for __aeabi_dmul
    uart.o(.text) refers to ddiv.o(x$fpl$ddiv) for __aeabi_ddiv
    uart.o(.text) refers to dfix.o(x$fpl$dfix) for __aeabi_d2iz
    uart.o(.text) refers to daddsub_clz.o(x$fpl$drsb) for __aeabi_drsub
    uart.o(.text) refers to daddsub_clz.o(x$fpl$dadd) for __aeabi_dadd
    gps.o(.text) refers to uart.o(.text) for UART5_CharRX
    gps.o(.text) refers to systick.o(.text) for delay_s
    gps.o(.text) refers to rt_memcpy_w.o(.text) for __aeabi_memcpy4
    gps.o(.text) refers to dmul.o(x$fpl$dmul) for __aeabi_dmul
    gps.o(.text) refers to ddiv.o(x$fpl$ddiv) for __aeabi_ddiv
    gps.o(.text) refers to dflt_clz.o(x$fpl$dflt) for __aeabi_i2d
    gps.o(.text) refers to daddsub_clz.o(x$fpl$dadd) for __aeabi_dadd
    gps.o(.text) refers to daddsub_clz.o(x$fpl$dsub) for __aeabi_dsub
    gps.o(.text) refers to sin.o(i.sin) for sin
    gps.o(.text) refers to cos.o(i.cos) for cos
    gps.o(.text) refers to sqrt.o(i.sqrt) for sqrt
    gps.o(.text) refers to atan2.o(i.atan2) for atan2
    gps.o(.text) refers to dfix.o(x$fpl$dfix) for __aeabi_d2iz
    gps.o(.text) refers to daddsub_clz.o(x$fpl$drsb) for __aeabi_drsub
    led.o(.text) refers to gpio.o(.text) for GPIO_InitPort
    app.o(.text) refers to rt_memclr_w.o(.text) for __aeabi_memclr4
    app.o(.text) refers to uart.o(.text) for UART0_Init
    app.o(.text) refers to led.o(.text) for LED_init
    app.o(.text) refers to gps.o(.text) for readGPS
    app.o(.text) refers to drleqf.o(x$fpl$drleqf) for __aeabi_cdrcmple
    app.o(.text) refers to dleqf.o(x$fpl$dleqf) for __aeabi_cdcmple
    __main.o(!!!main) refers to rtentry.o(.ARM.Collect$$rtentry$$00000000) for __rt_entry
    daddsub_clz.o(x$fpl$dadd) refers (Special) to usenofp.o(x$fpl$usenofp) for __I$use$fp
    daddsub_clz.o(x$fpl$dadd) refers to daddsub_clz.o(x$fpl$dsub) for _dsub1
    daddsub_clz.o(x$fpl$dadd) refers to dretinf.o(x$fpl$dretinf) for __fpl_dretinf
    daddsub_clz.o(x$fpl$dadd) refers to dnaninf.o(x$fpl$dnaninf) for __fpl_dnaninf
    daddsub_clz.o(x$fpl$drsb) refers (Special) to usenofp.o(x$fpl$usenofp) for __I$use$fp
    daddsub_clz.o(x$fpl$drsb) refers to daddsub_clz.o(x$fpl$dadd) for _dadd1
    daddsub_clz.o(x$fpl$drsb) refers to daddsub_clz.o(x$fpl$dsub) for _dsub1
    daddsub_clz.o(x$fpl$dsub) refers (Special) to usenofp.o(x$fpl$usenofp) for __I$use$fp
    daddsub_clz.o(x$fpl$dsub) refers to daddsub_clz.o(x$fpl$dadd) for _dadd1
    daddsub_clz.o(x$fpl$dsub) refers to dnaninf.o(x$fpl$dnaninf) for __fpl_dnaninf
    ddiv.o(x$fpl$drdiv) refers (Special) to usenofp.o(x$fpl$usenofp) for __I$use$fp
    ddiv.o(x$fpl$drdiv) refers to ddiv.o(x$fpl$ddiv) for ddiv_entry
    ddiv.o(x$fpl$ddiv) refers (Special) to usenofp.o(x$fpl$usenofp) for __I$use$fp
    ddiv.o(x$fpl$ddiv) refers to dretinf.o(x$fpl$dretinf) for __fpl_dretinf
    ddiv.o(x$fpl$ddiv) refers to dnaninf.o(x$fpl$dnaninf) for __fpl_dnaninf
    dfix.o(x$fpl$dfix) refers (Special) to usenofp.o(x$fpl$usenofp) for __I$use$fp
    dfix.o(x$fpl$dfix) refers to dnaninf.o(x$fpl$dnaninf) for __fpl_dnaninf
    dfix.o(x$fpl$dfixr) refers (Special) to usenofp.o(x$fpl$usenofp) for __I$use$fp
    dfix.o(x$fpl$dfixr) refers to dnaninf.o(x$fpl$dnaninf) for __fpl_dnaninf
    dflt_clz.o(x$fpl$dfltu) refers (Special) to usenofp.o(x$fpl$usenofp) for __I$use$fp
    dflt_clz.o(x$fpl$dflt) refers (Special) to usenofp.o(x$fpl$usenofp) for __I$use$fp
    dflt_clz.o(x$fpl$dfltn) refers (Special) to usenofp.o(x$fpl$usenofp) for __I$use$fp
    dleqf.o(x$fpl$dleqf) refers (Special) to usenofp.o(x$fpl$usenofp) for __I$use$fp
    dleqf.o(x$fpl$dleqf) refers to dnaninf.o(x$fpl$dnaninf) for __fpl_dnaninf
    dleqf.o(x$fpl$dleqf) refers to dcmpi.o(x$fpl$dcmpinf) for __fpl_dcmp_Inf
    dmul.o(x$fpl$dmul) refers (Special) to usenofp.o(x$fpl$usenofp) for __I$use$fp
    dmul.o(x$fpl$dmul) refers to dretinf.o(x$fpl$dretinf) for __fpl_dretinf
    dmul.o(x$fpl$dmul) refers to dnaninf.o(x$fpl$dnaninf) for __fpl_dnaninf
    drleqf.o(x$fpl$drleqf) refers (Special) to usenofp.o(x$fpl$usenofp) for __I$use$fp
    drleqf.o(x$fpl$drleqf) refers to dleqf.o(x$fpl$dleqf) for __fpl_dcmple_InfNaN
    atan2.o(i.__softfp_atan2) refers (Special) to usenofp.o(x$fpl$usenofp) for __I$use$fp
    atan2.o(i.__softfp_atan2) refers to atan2.o(i.atan2) for atan2
    atan2.o(i.atan2) refers (Special) to usenofp.o(x$fpl$usenofp) for __I$use$fp
    atan2.o(i.atan2) refers to daddsub_clz.o(x$fpl$dadd) for __aeabi_dadd
    atan2.o(i.atan2) refers to atan.o(i.atan) for atan
    atan2.o(i.atan2) refers to ddiv.o(x$fpl$ddiv) for __aeabi_ddiv
    atan2.o(i.atan2) refers to daddsub_clz.o(x$fpl$dsub) for __aeabi_dsub
    atan2.o(i.atan2) refers to daddsub_clz.o(x$fpl$drsb) for __aeabi_drsub
    atan2.o(i.atan2) refers to qnan.o(.constdata) for __mathlib_zero
    atan2_x.o(i.____softfp_atan2$lsc) refers (Special) to usenofp.o(x$fpl$usenofp) for __I$use$fp
    atan2_x.o(i.____softfp_atan2$lsc) refers to atan2_x.o(i.__atan2$lsc) for __atan2$lsc
    atan2_x.o(i.__atan2$lsc) refers (Special) to usenofp.o(x$fpl$usenofp) for __I$use$fp
    atan2_x.o(i.__atan2$lsc) refers to daddsub_clz.o(x$fpl$dadd) for __aeabi_dadd
    atan2_x.o(i.__atan2$lsc) refers to atan.o(i.atan) for atan
    atan2_x.o(i.__atan2$lsc) refers to _rserrno.o(.text) for __set_errno
    atan2_x.o(i.__atan2$lsc) refers to ddiv.o(x$fpl$ddiv) for __aeabi_ddiv
    atan2_x.o(i.__atan2$lsc) refers to daddsub_clz.o(x$fpl$dsub) for __aeabi_dsub
    atan2_x.o(i.__atan2$lsc) refers to daddsub_clz.o(x$fpl$drsb) for __aeabi_drsub
    atan2_x.o(i.__atan2$lsc) refers to qnan.o(.constdata) for __mathlib_zero
    cos.o(i.__softfp_cos) refers (Special) to usenofp.o(x$fpl$usenofp) for __I$use$fp
    cos.o(i.__softfp_cos) refers to cos.o(i.cos) for cos
    cos.o(i.cos) refers (Special) to usenofp.o(x$fpl$usenofp) for __I$use$fp
    cos.o(i.cos) refers to _rserrno.o(.text) for __set_errno
    cos.o(i.cos) refers to ddiv.o(x$fpl$ddiv) for __aeabi_ddiv
    cos.o(i.cos) refers to scalbn.o(x$fpl$scalbn) for __ARM_scalbn
    cos.o(i.cos) refers to rred.o(i.__ieee754_rem_pio2) for __ieee754_rem_pio2
    cos.o(i.cos) refers to sin_i.o(i.__kernel_sin) for __kernel_sin
    cos.o(i.cos) refers to cos_i.o(i.__kernel_cos) for __kernel_cos
    cos_x.o(i.____softfp_cos$lsc) refers (Special) to usenofp.o(x$fpl$usenofp) for __I$use$fp
    cos_x.o(i.____softfp_cos$lsc) refers to cos_x.o(i.__cos$lsc) for __cos$lsc
    cos_x.o(i.__cos$lsc) refers (Special) to usenofp.o(x$fpl$usenofp) for __I$use$fp
    cos_x.o(i.__cos$lsc) refers to _rserrno.o(.text) for __set_errno
    cos_x.o(i.__cos$lsc) refers to scalbn.o(x$fpl$scalbn) for __ARM_scalbn
    cos_x.o(i.__cos$lsc) refers to rred.o(i.__ieee754_rem_pio2) for __ieee754_rem_pio2
    cos_x.o(i.__cos$lsc) refers to sin_i.o(i.__kernel_sin) for __kernel_sin
    cos_x.o(i.__cos$lsc) refers to cos_i.o(i.__kernel_cos) for __kernel_cos
    sin.o(i.__softfp_sin) refers (Special) to usenofp.o(x$fpl$usenofp) for __I$use$fp
    sin.o(i.__softfp_sin) refers to sin.o(i.sin) for sin
    sin.o(i.sin) refers (Special) to usenofp.o(x$fpl$usenofp) for __I$use$fp
    sin.o(i.sin) refers to _rserrno.o(.text) for __set_errno
    sin.o(i.sin) refers to ddiv.o(x$fpl$ddiv) for __aeabi_ddiv
    sin.o(i.sin) refers to scalbn.o(x$fpl$scalbn) for __ARM_scalbn
    sin.o(i.sin) refers to rred.o(i.__ieee754_rem_pio2) for __ieee754_rem_pio2
    sin.o(i.sin) refers to cos_i.o(i.__kernel_cos) for __kernel_cos
    sin.o(i.sin) refers to sin_i.o(i.__kernel_sin) for __kernel_sin
    sin_x.o(i.____softfp_sin$lsc) refers (Special) to usenofp.o(x$fpl$usenofp) for __I$use$fp
    sin_x.o(i.____softfp_sin$lsc) refers to sin_x.o(i.__sin$lsc) for __sin$lsc
    sin_x.o(i.__sin$lsc) refers (Special) to usenofp.o(x$fpl$usenofp) for __I$use$fp
    sin_x.o(i.__sin$lsc) refers to _rserrno.o(.text) for __set_errno
    sin_x.o(i.__sin$lsc) refers to scalbn.o(x$fpl$scalbn) for __ARM_scalbn
    sin_x.o(i.__sin$lsc) refers to rred.o(i.__ieee754_rem_pio2) for __ieee754_rem_pio2
    sin_x.o(i.__sin$lsc) refers to cos_i.o(i.__kernel_cos) for __kernel_cos
    sin_x.o(i.__sin$lsc) refers to sin_i.o(i.__kernel_sin) for __kernel_sin
    sqrt.o(i.__softfp_sqrt) refers (Special) to usenofp.o(x$fpl$usenofp) for __I$use$fp
    sqrt.o(i.__softfp_sqrt) refers to dsqrt_umaal.o(x$fpl$dsqrt) for _dsqrt
    sqrt.o(i.__softfp_sqrt) refers to _rserrno.o(.text) for __set_errno
    sqrt.o(i.sqrt) refers (Special) to usenofp.o(x$fpl$usenofp) for __I$use$fp
    sqrt.o(i.sqrt) refers to dsqrt_umaal.o(x$fpl$dsqrt) for _dsqrt
    sqrt.o(i.sqrt) refers to _rserrno.o(.text) for __set_errno
    sqrt_x.o(i.____softfp_sqrt$lsc) refers (Special) to usenofp.o(x$fpl$usenofp) for __I$use$fp
    sqrt_x.o(i.____softfp_sqrt$lsc) refers to dleqf.o(x$fpl$dleqf) for __aeabi_cdcmple
    sqrt_x.o(i.____softfp_sqrt$lsc) refers to _rserrno.o(.text) for __set_errno
    sqrt_x.o(i.____softfp_sqrt$lsc) refers to dsqrt_umaal.o(x$fpl$dsqrt) for _dsqrt
    sqrt_x.o(i.__sqrt$lsc) refers (Special) to usenofp.o(x$fpl$usenofp) for __I$use$fp
    sqrt_x.o(i.__sqrt$lsc) refers to dleqf.o(x$fpl$dleqf) for __aeabi_cdcmple
    sqrt_x.o(i.__sqrt$lsc) refers to _rserrno.o(.text) for __set_errno
    sqrt_x.o(i.__sqrt$lsc) refers to dsqrt_umaal.o(x$fpl$dsqrt) for _dsqrt
    rtentry.o(.ARM.Collect$$rtentry$$00000000) refers (Special) to rtentry2.o(.ARM.Collect$$rtentry$$0000000A) for __rt_entry_li
    rtentry.o(.ARM.Collect$$rtentry$$00000000) refers (Special) to rtentry2.o(.ARM.Collect$$rtentry$$0000000D) for __rt_entry_main
    rtentry.o(.ARM.Collect$$rtentry$$00000000) refers (Special) to rtentry2.o(.ARM.Collect$$rtentry$$0000000C) for __rt_entry_postli_1
    rtentry.o(.ARM.Collect$$rtentry$$00000000) refers (Special) to rtentry2.o(.ARM.Collect$$rtentry$$00000009) for __rt_entry_postsh_1
    rtentry.o(.ARM.Collect$$rtentry$$00000000) refers (Special) to rtentry2.o(.ARM.Collect$$rtentry$$00000002) for __rt_entry_presh_1
    rtentry.o(.ARM.Collect$$rtentry$$00000000) refers (Special) to rtentry4.o(.ARM.Collect$$rtentry$$00000004) for __rt_entry_sh
    _rserrno.o(.text) refers to rt_errno_addr_intlibspace.o(.text) for __aeabi_errno_addr
    dcmpi.o(x$fpl$dcmpinf) refers (Special) to usenofp.o(x$fpl$usenofp) for __I$use$fp
    dnaninf.o(x$fpl$dnaninf) refers (Special) to usenofp.o(x$fpl$usenofp) for __I$use$fp
    dretinf.o(x$fpl$dretinf) refers (Special) to usenofp.o(x$fpl$usenofp) for __I$use$fp
    dsqrt_umaal.o(x$fpl$dsqrt) refers (Special) to usenofp.o(x$fpl$usenofp) for __I$use$fp
    dsqrt_umaal.o(x$fpl$dsqrt) refers to dnaninf.o(x$fpl$dnaninf) for __fpl_dnaninf
    scalbn.o(x$fpl$scalbn) refers (Special) to usenofp.o(x$fpl$usenofp) for __I$use$fp
    scalbn.o(x$fpl$scalbn) refers to dcheck1.o(x$fpl$dcheck1) for __fpl_dcheck_NaN1
    atan.o(i.__softfp_atan) refers (Special) to usenofp.o(x$fpl$usenofp) for __I$use$fp
    atan.o(i.__softfp_atan) refers to atan.o(i.atan) for atan
    atan.o(i.atan) refers (Special) to usenofp.o(x$fpl$usenofp) for __I$use$fp
    atan.o(i.atan) refers to scalbn.o(x$fpl$scalbn) for __ARM_scalbn
    atan.o(i.atan) refers to fpclassify.o(i.__ARM_fpclassify) for __ARM_fpclassify
    atan.o(i.atan) refers to dunder.o(i.__mathlib_dbl_underflow) for __mathlib_dbl_underflow
    atan.o(i.atan) refers to daddsub_clz.o(x$fpl$dadd) for __aeabi_dadd
    atan.o(i.atan) refers to daddsub_clz.o(x$fpl$dsub) for __aeabi_dsub
    atan.o(i.atan) refers to ddiv.o(x$fpl$ddiv) for __aeabi_ddiv
    atan.o(i.atan) refers to dmul.o(x$fpl$dmul) for __aeabi_dmul
    atan.o(i.atan) refers to poly.o(i.__kernel_poly) for __kernel_poly
    atan.o(i.atan) refers to daddsub_clz.o(x$fpl$drsb) for __aeabi_drsub
    atan.o(i.atan) refers to atan.o(.constdata) for .constdata
    atan.o(.constdata) refers (Special) to usenofp.o(x$fpl$usenofp) for __I$use$fp
    atan_x.o(i.____softfp_atan$lsc) refers (Special) to usenofp.o(x$fpl$usenofp) for __I$use$fp
    atan_x.o(i.____softfp_atan$lsc) refers to atan_x.o(i.__atan$lsc) for __atan$lsc
    atan_x.o(i.__atan$lsc) refers (Special) to usenofp.o(x$fpl$usenofp) for __I$use$fp
    atan_x.o(i.__atan$lsc) refers to scalbn.o(x$fpl$scalbn) for __ARM_scalbn
    atan_x.o(i.__atan$lsc) refers to daddsub_clz.o(x$fpl$dadd) for __aeabi_dadd
    atan_x.o(i.__atan$lsc) refers to daddsub_clz.o(x$fpl$dsub) for __aeabi_dsub
    atan_x.o(i.__atan$lsc) refers to ddiv.o(x$fpl$ddiv) for __aeabi_ddiv
    atan_x.o(i.__atan$lsc) refers to dmul.o(x$fpl$dmul) for __aeabi_dmul
    atan_x.o(i.__atan$lsc) refers to poly.o(i.__kernel_poly) for __kernel_poly
    atan_x.o(i.__atan$lsc) refers to daddsub_clz.o(x$fpl$drsb) for __aeabi_drsub
    atan_x.o(i.__atan$lsc) refers to atan_x.o(.constdata) for .constdata
    atan_x.o(.constdata) refers (Special) to usenofp.o(x$fpl$usenofp) for __I$use$fp
    cos_i.o(i.__kernel_cos) refers (Special) to usenofp.o(x$fpl$usenofp) for __I$use$fp
    cos_i.o(i.__kernel_cos) refers to dfix.o(x$fpl$dfix) for __aeabi_d2iz
    cos_i.o(i.__kernel_cos) refers to dmul.o(x$fpl$dmul) for __aeabi_dmul
    cos_i.o(i.__kernel_cos) refers to poly.o(i.__kernel_poly) for __kernel_poly
    cos_i.o(i.__kernel_cos) refers to daddsub_clz.o(x$fpl$dsub) for __aeabi_dsub
    cos_i.o(i.__kernel_cos) refers to scalbn.o(x$fpl$scalbn) for __ARM_scalbn
    cos_i.o(i.__kernel_cos) refers to daddsub_clz.o(x$fpl$drsb) for __aeabi_drsub
    cos_i.o(i.__kernel_cos) refers to cos_i.o(.constdata) for .constdata
    cos_i.o(.constdata) refers (Special) to usenofp.o(x$fpl$usenofp) for __I$use$fp
    qnan.o(.constdata) refers (Special) to usenofp.o(x$fpl$usenofp) for __I$use$fp
    rred.o(i.__ieee754_rem_pio2) refers (Special) to usenofp.o(x$fpl$usenofp) for __I$use$fp
    rred.o(i.__ieee754_rem_pio2) refers to daddsub_clz.o(x$fpl$dsub) for __aeabi_dsub
    rred.o(i.__ieee754_rem_pio2) refers to daddsub_clz.o(x$fpl$dadd) for __aeabi_dadd
    rred.o(i.__ieee754_rem_pio2) refers to dmul.o(x$fpl$dmul) for __aeabi_dmul
    rred.o(i.__ieee754_rem_pio2) refers to dfix.o(x$fpl$dfix) for __aeabi_d2iz
    rred.o(i.__ieee754_rem_pio2) refers to dflt_clz.o(x$fpl$dflt) for __aeabi_i2d
    rred.o(i.__ieee754_rem_pio2) refers to daddsub_clz.o(x$fpl$drsb) for __aeabi_drsub
    rred.o(i.__ieee754_rem_pio2) refers to dflt_clz.o(x$fpl$dfltu) for __aeabi_ui2d
    rred.o(i.__ieee754_rem_pio2) refers to scalbn.o(x$fpl$scalbn) for __ARM_scalbn
    rred.o(i.__ieee754_rem_pio2) refers to rred.o(.constdata) for .constdata
    rred.o(i.__use_accurate_range_reduction) refers (Special) to usenofp.o(x$fpl$usenofp) for __I$use$fp
    rred.o(.constdata) refers (Special) to usenofp.o(x$fpl$usenofp) for __I$use$fp
    sin_i.o(i.__kernel_sin) refers (Special) to usenofp.o(x$fpl$usenofp) for __I$use$fp
    sin_i.o(i.__kernel_sin) refers to fpclassify.o(i.__ARM_fpclassify) for __ARM_fpclassify
    sin_i.o(i.__kernel_sin) refers to dunder.o(i.__mathlib_dbl_underflow) for __mathlib_dbl_underflow
    sin_i.o(i.__kernel_sin) refers to dmul.o(x$fpl$dmul) for __aeabi_dmul
    sin_i.o(i.__kernel_sin) refers to poly.o(i.__kernel_poly) for __kernel_poly
    sin_i.o(i.__kernel_sin) refers to scalbn.o(x$fpl$scalbn) for __ARM_scalbn
    sin_i.o(i.__kernel_sin) refers to daddsub_clz.o(x$fpl$dsub) for __aeabi_dsub
    sin_i.o(i.__kernel_sin) refers to daddsub_clz.o(x$fpl$drsb) for __aeabi_drsub
    sin_i.o(i.__kernel_sin) refers to daddsub_clz.o(x$fpl$dadd) for __aeabi_dadd
    sin_i.o(i.__kernel_sin) refers to sin_i.o(.constdata) for .constdata
    sin_i.o(.constdata) refers (Special) to usenofp.o(x$fpl$usenofp) for __I$use$fp
    sin_i_x.o(i.____kernel_sin$lsc) refers (Special) to usenofp.o(x$fpl$usenofp) for __I$use$fp
    sin_i_x.o(i.____kernel_sin$lsc) refers to dmul.o(x$fpl$dmul) for __aeabi_dmul
    sin_i_x.o(i.____kernel_sin$lsc) refers to poly.o(i.__kernel_poly) for __kernel_poly
    sin_i_x.o(i.____kernel_sin$lsc) refers to scalbn.o(x$fpl$scalbn) for __ARM_scalbn
    sin_i_x.o(i.____kernel_sin$lsc) refers to daddsub_clz.o(x$fpl$dsub) for __aeabi_dsub
    sin_i_x.o(i.____kernel_sin$lsc) refers to daddsub_clz.o(x$fpl$drsb) for __aeabi_drsub
    sin_i_x.o(i.____kernel_sin$lsc) refers to daddsub_clz.o(x$fpl$dadd) for __aeabi_dadd
    sin_i_x.o(i.____kernel_sin$lsc) refers to sin_i_x.o(.constdata) for .constdata
    sin_i_x.o(.constdata) refers (Special) to usenofp.o(x$fpl$usenofp) for __I$use$fp
    rtentry2.o(.ARM.Collect$$rtentry$$00000008) refers to boardinit2.o(.text) for _platform_post_stackheap_init
    rtentry2.o(.ARM.Collect$$rtentry$$0000000A) refers to libinit.o(.ARM.Collect$$libinit$$00000000) for __rt_lib_init
    rtentry2.o(.ARM.Collect$$rtentry$$0000000B) refers to boardinit3.o(.text) for _platform_post_lib_init
    rtentry2.o(.ARM.Collect$$rtentry$$0000000D) refers to app.o(.text) for main
    rtentry2.o(.ARM.Collect$$rtentry$$0000000D) refers to exit.o(.text) for exit
    rtentry2.o(.ARM.exidx) refers to rtentry2.o(.ARM.Collect$$rtentry$$00000001) for .ARM.Collect$$rtentry$$00000001
    rtentry2.o(.ARM.exidx) refers to rtentry2.o(.ARM.Collect$$rtentry$$00000008) for .ARM.Collect$$rtentry$$00000008
    rtentry2.o(.ARM.exidx) refers to rtentry2.o(.ARM.Collect$$rtentry$$0000000A) for .ARM.Collect$$rtentry$$0000000A
    rtentry2.o(.ARM.exidx) refers to rtentry2.o(.ARM.Collect$$rtentry$$0000000B) for .ARM.Collect$$rtentry$$0000000B
    rtentry2.o(.ARM.exidx) refers to rtentry2.o(.ARM.Collect$$rtentry$$0000000D) for .ARM.Collect$$rtentry$$0000000D
    rtentry4.o(.ARM.Collect$$rtentry$$00000004) refers to sys_stackheap_outer.o(.text) for __user_setup_stackheap
    rtentry4.o(.ARM.exidx) refers to rtentry4.o(.ARM.Collect$$rtentry$$00000004) for .ARM.Collect$$rtentry$$00000004
    rt_errno_addr.o(.text) refers to rt_errno_addr.o(.bss) for __aeabi_errno_addr_data
    rt_errno_addr_intlibspace.o(.text) refers to libspace.o(.bss) for __libspace_start
    dcheck1.o(x$fpl$dcheck1) refers (Special) to usenofp.o(x$fpl$usenofp) for __I$use$fp
    dcheck1.o(x$fpl$dcheck1) refers to retnan.o(x$fpl$retnan) for __fpl_return_NaN
    dunder.o(i.__mathlib_dbl_underflow) refers to scalbn.o(x$fpl$scalbn) for __ARM_scalbn
    fpclassify.o(i.__ARM_fpclassify) refers (Special) to usenofp.o(x$fpl$usenofp) for __I$use$fp
    poly.o(i.__kernel_poly) refers (Special) to usenofp.o(x$fpl$usenofp) for __I$use$fp
    poly.o(i.__kernel_poly) refers to dmul.o(x$fpl$dmul) for __aeabi_dmul
    poly.o(i.__kernel_poly) refers to daddsub_clz.o(x$fpl$dadd) for __aeabi_dadd
    libspace.o(.text) refers to libspace.o(.bss) for __libspace_start
    sys_stackheap_outer.o(.text) refers to libspace.o(.text) for __user_perproc_libspace
    sys_stackheap_outer.o(.text) refers to startup_tm4c123.o(.text) for __user_initial_stackheap
    exit.o(.text) refers to rtexit.o(.ARM.Collect$$rtexit$$00000000) for __rt_exit
    libinit.o(.ARM.Collect$$libinit$$00000000) refers (Special) to libinit2.o(.ARM.Collect$$libinit$$0000002C) for __rt_lib_init_alloca_1
    libinit.o(.ARM.Collect$$libinit$$00000000) refers (Special) to libinit2.o(.ARM.Collect$$libinit$$0000002A) for __rt_lib_init_argv_1
    libinit.o(.ARM.Collect$$libinit$$00000000) refers (Special) to libinit2.o(.ARM.Collect$$libinit$$00000019) for __rt_lib_init_atexit_1
    libinit.o(.ARM.Collect$$libinit$$00000000) refers (Special) to libinit2.o(.ARM.Collect$$libinit$$0000001F) for __rt_lib_init_clock_1
    libinit.o(.ARM.Collect$$libinit$$00000000) refers (Special) to libinit2.o(.ARM.Collect$$libinit$$00000030) for __rt_lib_init_cpp_1
    libinit.o(.ARM.Collect$$libinit$$00000000) refers (Special) to libinit2.o(.ARM.Collect$$libinit$$0000002E) for __rt_lib_init_exceptions_1
    libinit.o(.ARM.Collect$$libinit$$00000000) refers (Special) to libinit2.o(.ARM.Collect$$libinit$$00000002) for __rt_lib_init_fp_1
    libinit.o(.ARM.Collect$$libinit$$00000000) refers (Special) to libinit2.o(.ARM.Collect$$libinit$$0000001D) for __rt_lib_init_fp_trap_1
    libinit.o(.ARM.Collect$$libinit$$00000000) refers (Special) to libinit2.o(.ARM.Collect$$libinit$$00000021) for __rt_lib_init_getenv_1
    libinit.o(.ARM.Collect$$libinit$$00000000) refers (Special) to libinit2.o(.ARM.Collect$$libinit$$00000008) for __rt_lib_init_heap_1
    libinit.o(.ARM.Collect$$libinit$$00000000) refers (Special) to libinit2.o(.ARM.Collect$$libinit$$0000000F) for __rt_lib_init_lc_collate_1
    libinit.o(.ARM.Collect$$libinit$$00000000) refers (Special) to libinit2.o(.ARM.Collect$$libinit$$00000011) for __rt_lib_init_lc_ctype_1
    libinit.o(.ARM.Collect$$libinit$$00000000) refers (Special) to libinit2.o(.ARM.Collect$$libinit$$00000013) for __rt_lib_init_lc_monetary_1
    libinit.o(.ARM.Collect$$libinit$$00000000) refers (Special) to libinit2.o(.ARM.Collect$$libinit$$00000015) for __rt_lib_init_lc_numeric_1
    libinit.o(.ARM.Collect$$libinit$$00000000) refers (Special) to libinit2.o(.ARM.Collect$$libinit$$00000017) for __rt_lib_init_lc_time_1
    libinit.o(.ARM.Collect$$libinit$$00000000) refers (Special) to libinit2.o(.ARM.Collect$$libinit$$0000000C) for __rt_lib_init_rand_1
    libinit.o(.ARM.Collect$$libinit$$00000000) refers (Special) to libinit2.o(.ARM.Collect$$libinit$$00000031) for __rt_lib_init_return
    libinit.o(.ARM.Collect$$libinit$$00000000) refers (Special) to libinit2.o(.ARM.Collect$$libinit$$0000001B) for __rt_lib_init_signal_1
    libinit.o(.ARM.Collect$$libinit$$00000000) refers (Special) to libinit2.o(.ARM.Collect$$libinit$$00000023) for __rt_lib_init_stdio_1
    libinit.o(.ARM.Collect$$libinit$$00000000) refers (Special) to libinit2.o(.ARM.Collect$$libinit$$0000000A) for __rt_lib_init_user_alloc_1
    retnan.o(x$fpl$retnan) refers (Special) to usenofp.o(x$fpl$usenofp) for __I$use$fp
    retnan.o(x$fpl$retnan) refers to trapv.o(x$fpl$trapveneer) for __fpl_cmpreturn
    rtexit.o(.ARM.Collect$$rtexit$$00000000) refers (Special) to rtexit2.o(.ARM.Collect$$rtexit$$00000004) for __rt_exit_exit
    rtexit.o(.ARM.Collect$$rtexit$$00000000) refers (Special) to rtexit2.o(.ARM.Collect$$rtexit$$00000003) for __rt_exit_ls
    rtexit.o(.ARM.Collect$$rtexit$$00000000) refers (Special) to rtexit2.o(.ARM.Collect$$rtexit$$00000002) for __rt_exit_prels_1
    rtexit.o(.ARM.exidx) refers (Special) to rtexit2.o(.ARM.Collect$$rtexit$$00000004) for __rt_exit_exit
    rtexit.o(.ARM.exidx) refers (Special) to rtexit2.o(.ARM.Collect$$rtexit$$00000003) for __rt_exit_ls
    rtexit.o(.ARM.exidx) refers (Special) to rtexit2.o(.ARM.Collect$$rtexit$$00000002) for __rt_exit_prels_1
    rtexit.o(.ARM.exidx) refers to rtexit.o(.ARM.Collect$$rtexit$$00000000) for .ARM.Collect$$rtexit$$00000000
    libinit2.o(.ARM.Collect$$libinit$$0000000E) refers to libinit2.o(.ARM.Collect$$libinit$$0000000D) for .ARM.Collect$$libinit$$0000000D
    libinit2.o(.ARM.Collect$$libinit$$00000010) refers to libinit2.o(.ARM.Collect$$libinit$$0000000D) for .ARM.Collect$$libinit$$0000000D
    libinit2.o(.ARM.Collect$$libinit$$00000012) refers to libinit2.o(.ARM.Collect$$libinit$$0000000D) for .ARM.Collect$$libinit$$0000000D
    libinit2.o(.ARM.Collect$$libinit$$00000014) refers to libinit2.o(.ARM.Collect$$libinit$$0000000D) for .ARM.Collect$$libinit$$0000000D
    libinit2.o(.ARM.Collect$$libinit$$00000016) refers to libinit2.o(.ARM.Collect$$libinit$$0000000D) for .ARM.Collect$$libinit$$0000000D
    libinit2.o(.ARM.Collect$$libinit$$00000024) refers to argv_veneer.o(.emb_text) for __ARM_argv_veneer
    libinit2.o(.ARM.Collect$$libinit$$00000025) refers to argv_veneer.o(.emb_text) for __ARM_argv_veneer
    trapv.o(x$fpl$trapveneer) refers (Special) to usenofp.o(x$fpl$usenofp) for __I$use$fp
    rtexit2.o(.ARM.Collect$$rtexit$$00000003) refers to libshutdown.o(.ARM.Collect$$libshutdown$$00000000) for __rt_lib_shutdown
    rtexit2.o(.ARM.Collect$$rtexit$$00000004) refers to sys_exit.o(.text) for _sys_exit
    rtexit2.o(.ARM.exidx) refers to rtexit2.o(.ARM.Collect$$rtexit$$00000001) for .ARM.Collect$$rtexit$$00000001
    rtexit2.o(.ARM.exidx) refers to rtexit2.o(.ARM.Collect$$rtexit$$00000003) for .ARM.Collect$$rtexit$$00000003
    rtexit2.o(.ARM.exidx) refers to rtexit2.o(.ARM.Collect$$rtexit$$00000004) for .ARM.Collect$$rtexit$$00000004
    argv_veneer.o(.emb_text) refers to no_argv.o(.text) for __ARM_get_argv
    sys_exit.o(.text) refers (Special) to use_no_semi.o(.text) for __I$use$semihosting
    sys_exit.o(.text) refers (Special) to indicate_semi.o(.text) for __semihosting_library_function
    _get_argv_nomalloc.o(.text) refers (Special) to hrguard.o(.text) for __heap_region$guard
    _get_argv_nomalloc.o(.text) refers to defsig_rtmem_outer.o(.text) for __rt_SIGRTMEM
    _get_argv_nomalloc.o(.text) refers to sys_command.o(.text) for _sys_command_string
    libshutdown.o(.ARM.Collect$$libshutdown$$00000000) refers (Special) to libshutdown2.o(.ARM.Collect$$libshutdown$$00000006) for __rt_lib_shutdown_fp_trap_1
    libshutdown.o(.ARM.Collect$$libshutdown$$00000000) refers (Special) to libshutdown2.o(.ARM.Collect$$libshutdown$$0000000E) for __rt_lib_shutdown_heap_1
    libshutdown.o(.ARM.Collect$$libshutdown$$00000000) refers (Special) to libshutdown2.o(.ARM.Collect$$libshutdown$$0000000F) for __rt_lib_shutdown_return
    libshutdown.o(.ARM.Collect$$libshutdown$$00000000) refers (Special) to libshutdown2.o(.ARM.Collect$$libshutdown$$00000009) for __rt_lib_shutdown_signal_1
    libshutdown.o(.ARM.Collect$$libshutdown$$00000000) refers (Special) to libshutdown2.o(.ARM.Collect$$libshutdown$$00000003) for __rt_lib_shutdown_stdio_1
    libshutdown.o(.ARM.Collect$$libshutdown$$00000000) refers (Special) to libshutdown2.o(.ARM.Collect$$libshutdown$$0000000B) for __rt_lib_shutdown_user_alloc_1
    sys_command.o(.text) refers (Special) to use_no_semi.o(.text) for __I$use$semihosting
    sys_command.o(.text) refers (Special) to indicate_semi.o(.text) for __semihosting_library_function
    defsig_rtmem_outer.o(.text) refers to defsig_rtmem_inner.o(.text) for __rt_SIGRTMEM_inner
    defsig_rtmem_outer.o(.text) refers to defsig_exit.o(.text) for __sig_exit
    defsig_rtmem_formal.o(.text) refers to rt_raise.o(.text) for __rt_raise
    rt_raise.o(.text) refers to __raise.o(.text) for __raise
    rt_raise.o(.text) refers to sys_exit.o(.text) for _sys_exit
    defsig_exit.o(.text) refers to sys_exit.o(.text) for _sys_exit
    defsig_rtmem_inner.o(.text) refers to defsig_general.o(.text) for __default_signal_display
    __raise.o(.text) refers to defsig.o(CL$$defsig) for __default_signal_handler
    defsig_general.o(.text) refers to sys_wrch.o(.text) for _ttywrch
    sys_wrch.o(.text) refers (Special) to use_no_semi.o(.text) for __I$use$semihosting
    sys_wrch.o(.text) refers (Special) to indicate_semi.o(.text) for __semihosting_library_function
    defsig.o(CL$$defsig) refers to defsig_rtmem_inner.o(.text) for __rt_SIGRTMEM_inner
    defsig_abrt_inner.o(.text) refers to defsig_general.o(.text) for __default_signal_display
    defsig_fpe_inner.o(.text) refers to defsig_general.o(.text) for __default_signal_display
    defsig_rtred_inner.o(.text) refers to defsig_general.o(.text) for __default_signal_display
    defsig_stak_inner.o(.text) refers to defsig_general.o(.text) for __default_signal_display
    defsig_pvfn_inner.o(.text) refers to defsig_general.o(.text) for __default_signal_display
    defsig_cppl_inner.o(.text) refers to defsig_general.o(.text) for __default_signal_display
    defsig_segv_inner.o(.text) refers to defsig_general.o(.text) for __default_signal_display
    defsig_other.o(.text) refers to defsig_general.o(.text) for __default_signal_display


==============================================================================

Removing Unused input sections from the image.

    Removing gps.o(.constdata), (8 bytes).

1 unused section(s) (total 8 bytes) removed from the image.

==============================================================================

Image Symbol Table

    Local Symbols

    Symbol Name                              Value     Ov Type        Size  Object(Section)

    RESET                                    0x00000000   Section      620  startup_tm4c123.o(RESET)
    ../clib/angel/boardlib.s                 0x00000000   Number         0  boardinit2.o ABSOLUTE
    ../clib/angel/boardlib.s                 0x00000000   Number         0  boardinit1.o ABSOLUTE
    ../clib/angel/boardlib.s                 0x00000000   Number         0  boardinit3.o ABSOLUTE
    ../clib/angel/boardlib.s                 0x00000000   Number         0  boardshut.o ABSOLUTE
    ../clib/angel/handlers.s                 0x00000000   Number         0  __scatter_zi.o ABSOLUTE
    ../clib/angel/kernel.s                   0x00000000   Number         0  rtentry.o ABSOLUTE
    ../clib/angel/kernel.s                   0x00000000   Number         0  rtentry2.o ABSOLUTE
    ../clib/angel/kernel.s                   0x00000000   Number         0  rtentry4.o ABSOLUTE
    ../clib/angel/kernel.s                   0x00000000   Number         0  rtexit.o ABSOLUTE
    ../clib/angel/kernel.s                   0x00000000   Number         0  rtexit2.o ABSOLUTE
    ../clib/angel/rt.s                       0x00000000   Number         0  rt_errno_addr_intlibspace.o ABSOLUTE
    ../clib/angel/rt.s                       0x00000000   Number         0  rt_errno_addr.o ABSOLUTE
    ../clib/angel/rt.s                       0x00000000   Number         0  rt_raise.o ABSOLUTE
    ../clib/angel/scatter.s                  0x00000000   Number         0  __scatter.o ABSOLUTE
    ../clib/angel/startup.s                  0x00000000   Number         0  __main.o ABSOLUTE
    ../clib/angel/sys.s                      0x00000000   Number         0  indicate_semi.o ABSOLUTE
    ../clib/angel/sys.s                      0x00000000   Number         0  use_no_semi.o ABSOLUTE
    ../clib/angel/sys.s                      0x00000000   Number         0  libspace.o ABSOLUTE
    ../clib/angel/sys.s                      0x00000000   Number         0  sys_stackheap_outer.o ABSOLUTE
    ../clib/angel/sysapp.c                   0x00000000   Number         0  sys_command.o ABSOLUTE
    ../clib/angel/sysapp.c                   0x00000000   Number         0  sys_exit.o ABSOLUTE
    ../clib/angel/sysapp.c                   0x00000000   Number         0  sys_wrch.o ABSOLUTE
    ../clib/armsys.c                         0x00000000   Number         0  argv_veneer.o ABSOLUTE
    ../clib/armsys.c                         0x00000000   Number         0  argv_veneer.o ABSOLUTE
    ../clib/armsys.c                         0x00000000   Number         0  no_argv.o ABSOLUTE
    ../clib/armsys.c                         0x00000000   Number         0  _get_argv_nomalloc.o ABSOLUTE
    ../clib/fenv.c                           0x00000000   Number         0  _rserrno.o ABSOLUTE
    ../clib/heapalloc.c                      0x00000000   Number         0  hrguard.o ABSOLUTE
    ../clib/heapaux.c                        0x00000000   Number         0  heapauxi.o ABSOLUTE
    ../clib/libinit.s                        0x00000000   Number         0  libinit2.o ABSOLUTE
    ../clib/libinit.s                        0x00000000   Number         0  libinit.o ABSOLUTE
    ../clib/libinit.s                        0x00000000   Number         0  libshutdown2.o ABSOLUTE
    ../clib/libinit.s                        0x00000000   Number         0  libshutdown.o ABSOLUTE
    ../clib/memcpset.s                       0x00000000   Number         0  rt_memcpy_w.o ABSOLUTE
    ../clib/memcpset.s                       0x00000000   Number         0  rt_memclr_w.o ABSOLUTE
    ../clib/signal.c                         0x00000000   Number         0  defsig_other.o ABSOLUTE
    ../clib/signal.c                         0x00000000   Number         0  defsig_segv_inner.o ABSOLUTE
    ../clib/signal.c                         0x00000000   Number         0  defsig_cppl_inner.o ABSOLUTE
    ../clib/signal.c                         0x00000000   Number         0  defsig_pvfn_inner.o ABSOLUTE
    ../clib/signal.c                         0x00000000   Number         0  defsig_rtred_inner.o ABSOLUTE
    ../clib/signal.c                         0x00000000   Number         0  defsig_fpe_inner.o ABSOLUTE
    ../clib/signal.c                         0x00000000   Number         0  defsig_abrt_inner.o ABSOLUTE
    ../clib/signal.c                         0x00000000   Number         0  defsig_general.o ABSOLUTE
    ../clib/signal.c                         0x00000000   Number         0  defsig_rtmem_inner.o ABSOLUTE
    ../clib/signal.c                         0x00000000   Number         0  defsig_exit.o ABSOLUTE
    ../clib/signal.c                         0x00000000   Number         0  defsig_rtmem_formal.o ABSOLUTE
    ../clib/signal.c                         0x00000000   Number         0  defsig_rtmem_outer.o ABSOLUTE
    ../clib/signal.c                         0x00000000   Number         0  __raise.o ABSOLUTE
    ../clib/signal.c                         0x00000000   Number         0  defsig_stak_inner.o ABSOLUTE
    ../clib/signal.s                         0x00000000   Number         0  defsig.o ABSOLUTE
    ../clib/stdlib.c                         0x00000000   Number         0  exit.o ABSOLUTE
    ../fplib/daddsub.s                       0x00000000   Number         0  daddsub_clz.o ABSOLUTE
    ../fplib/dcheck1.s                       0x00000000   Number         0  dcheck1.o ABSOLUTE
    ../fplib/dcmpi.s                         0x00000000   Number         0  dcmpi.o ABSOLUTE
    ../fplib/ddiv.s                          0x00000000   Number         0  ddiv.o ABSOLUTE
    ../fplib/dfix.s                          0x00000000   Number         0  dfix.o ABSOLUTE
    ../fplib/dflt.s                          0x00000000   Number         0  dflt_clz.o ABSOLUTE
    ../fplib/dleqf.s                         0x00000000   Number         0  dleqf.o ABSOLUTE
    ../fplib/dmul.s                          0x00000000   Number         0  dmul.o ABSOLUTE
    ../fplib/dnaninf.s                       0x00000000   Number         0  dnaninf.o ABSOLUTE
    ../fplib/dretinf.s                       0x00000000   Number         0  dretinf.o ABSOLUTE
    ../fplib/drleqf.s                        0x00000000   Number         0  drleqf.o ABSOLUTE
    ../fplib/dsqrt.s                         0x00000000   Number         0  dsqrt_umaal.o ABSOLUTE
    ../fplib/fpinit.s                        0x00000000   Number         0  fpinit.o ABSOLUTE
    ../fplib/retnan.s                        0x00000000   Number         0  retnan.o ABSOLUTE
    ../fplib/scalbn.s                        0x00000000   Number         0  scalbn.o ABSOLUTE
    ../fplib/trapv.s                         0x00000000   Number         0  trapv.o ABSOLUTE
    ../fplib/usenofp.s                       0x00000000   Number         0  usenofp.o ABSOLUTE
    ../mathlib/atan.c                        0x00000000   Number         0  atan_x.o ABSOLUTE
    ../mathlib/atan.c                        0x00000000   Number         0  atan.o ABSOLUTE
    ../mathlib/atan2.c                       0x00000000   Number         0  atan2_x.o ABSOLUTE
    ../mathlib/atan2.c                       0x00000000   Number         0  atan2.o ABSOLUTE
    ../mathlib/cos.c                         0x00000000   Number         0  cos.o ABSOLUTE
    ../mathlib/cos.c                         0x00000000   Number         0  cos_x.o ABSOLUTE
    ../mathlib/cos_i.c                       0x00000000   Number         0  cos_i.o ABSOLUTE
    ../mathlib/dunder.c                      0x00000000   Number         0  dunder.o ABSOLUTE
    ../mathlib/fpclassify.c                  0x00000000   Number         0  fpclassify.o ABSOLUTE
    ../mathlib/poly.c                        0x00000000   Number         0  poly.o ABSOLUTE
    ../mathlib/qnan.c                        0x00000000   Number         0  qnan.o ABSOLUTE
    ../mathlib/rred.c                        0x00000000   Number         0  rred.o ABSOLUTE
    ../mathlib/sin.c                         0x00000000   Number         0  sin.o ABSOLUTE
    ../mathlib/sin.c                         0x00000000   Number         0  sin_x.o ABSOLUTE
    ../mathlib/sin_i.c                       0x00000000   Number         0  sin_i_x.o ABSOLUTE
    ../mathlib/sin_i.c                       0x00000000   Number         0  sin_i.o ABSOLUTE
    ../mathlib/sqrt.c                        0x00000000   Number         0  sqrt.o ABSOLUTE
    ../mathlib/sqrt.c                        0x00000000   Number         0  sqrt_x.o ABSOLUTE
    Application\APP.c                        0x00000000   Number         0  app.o ABSOLUTE
    HAL\GPS\GPS.c                            0x00000000   Number         0  gps.o ABSOLUTE
    HAL\LED\LED.C                            0x00000000   Number         0  led.o ABSOLUTE
    MCAL\GPIO\GPIO.c                         0x00000000   Number         0  gpio.o ABSOLUTE
    MCAL\SYSTICK\Systick.c                   0x00000000   Number         0  systick.o ABSOLUTE
    MCAL\UART\UART.c                         0x00000000   Number         0  uart.o ABSOLUTE
    Utilities\startup_TM4C123.s              0x00000000   Number         0  startup_tm4c123.o ABSOLUTE
    dc.s                                     0x00000000   Number         0  dc.o ABSOLUTE
    !!!main                                  0x0000026c   Section        8  __main.o(!!!main)
    !!!scatter                               0x00000274   Section       52  __scatter.o(!!!scatter)
    !!handler_zi                             0x000002a8   Section       28  __scatter_zi.o(!!handler_zi)
    .ARM.Collect$$libinit$$00000000          0x000002c4   Section        2  libinit.o(.ARM.Collect$$libinit$$00000000)
    .ARM.Collect$$libinit$$00000002          0x000002c6   Section        0  libinit2.o(.ARM.Collect$$libinit$$00000002)
    .ARM.Collect$$libinit$$00000008          0x000002c6   Section        0  libinit2.o(.ARM.Collect$$libinit$$00000008)
    .ARM.Collect$$libinit$$0000000A          0x000002c6   Section        0  libinit2.o(.ARM.Collect$$libinit$$0000000A)
    .ARM.Collect$$libinit$$0000000C          0x000002c6   Section        0  libinit2.o(.ARM.Collect$$libinit$$0000000C)
    .ARM.Collect$$libinit$$0000000F          0x000002c6   Section        0  libinit2.o(.ARM.Collect$$libinit$$0000000F)
    .ARM.Collect$$libinit$$00000011          0x000002c6   Section        0  libinit2.o(.ARM.Collect$$libinit$$00000011)
    .ARM.Collect$$libinit$$00000013          0x000002c6   Section        0  libinit2.o(.ARM.Collect$$libinit$$00000013)
    .ARM.Collect$$libinit$$00000015          0x000002c6   Section        0  libinit2.o(.ARM.Collect$$libinit$$00000015)
    .ARM.Collect$$libinit$$00000017          0x000002c6   Section        0  libinit2.o(.ARM.Collect$$libinit$$00000017)
    .ARM.Collect$$libinit$$00000019          0x000002c6   Section        0  libinit2.o(.ARM.Collect$$libinit$$00000019)
    .ARM.Collect$$libinit$$0000001B          0x000002c6   Section        0  libinit2.o(.ARM.Collect$$libinit$$0000001B)
    .ARM.Collect$$libinit$$0000001D          0x000002c6   Section        0  libinit2.o(.ARM.Collect$$libinit$$0000001D)
    .ARM.Collect$$libinit$$0000001F          0x000002c6   Section        0  libinit2.o(.ARM.Collect$$libinit$$0000001F)
    .ARM.Collect$$libinit$$00000021          0x000002c6   Section        0  libinit2.o(.ARM.Collect$$libinit$$00000021)
    .ARM.Collect$$libinit$$00000023          0x000002c6   Section        0  libinit2.o(.ARM.Collect$$libinit$$00000023)
    .ARM.Collect$$libinit$$0000002A          0x000002c6   Section        0  libinit2.o(.ARM.Collect$$libinit$$0000002A)
    .ARM.Collect$$libinit$$0000002C          0x000002c6   Section        0  libinit2.o(.ARM.Collect$$libinit$$0000002C)
    .ARM.Collect$$libinit$$0000002E          0x000002c6   Section        0  libinit2.o(.ARM.Collect$$libinit$$0000002E)
    .ARM.Collect$$libinit$$00000030          0x000002c6   Section        0  libinit2.o(.ARM.Collect$$libinit$$00000030)
    .ARM.Collect$$libinit$$00000031          0x000002c6   Section        2  libinit2.o(.ARM.Collect$$libinit$$00000031)
    .ARM.Collect$$libshutdown$$00000000      0x000002c8   Section        2  libshutdown.o(.ARM.Collect$$libshutdown$$00000000)
    .ARM.Collect$$libshutdown$$00000003      0x000002ca   Section        0  libshutdown2.o(.ARM.Collect$$libshutdown$$00000003)
    .ARM.Collect$$libshutdown$$00000006      0x000002ca   Section        0  libshutdown2.o(.ARM.Collect$$libshutdown$$00000006)
    .ARM.Collect$$libshutdown$$00000009      0x000002ca   Section        0  libshutdown2.o(.ARM.Collect$$libshutdown$$00000009)
    .ARM.Collect$$libshutdown$$0000000B      0x000002ca   Section        0  libshutdown2.o(.ARM.Collect$$libshutdown$$0000000B)
    .ARM.Collect$$libshutdown$$0000000E      0x000002ca   Section        0  libshutdown2.o(.ARM.Collect$$libshutdown$$0000000E)
    .ARM.Collect$$libshutdown$$0000000F      0x000002ca   Section        2  libshutdown2.o(.ARM.Collect$$libshutdown$$0000000F)
    .ARM.Collect$$rtentry$$00000000          0x000002cc   Section        0  rtentry.o(.ARM.Collect$$rtentry$$00000000)
    .ARM.Collect$$rtentry$$00000002          0x000002cc   Section        0  rtentry2.o(.ARM.Collect$$rtentry$$00000002)
    .ARM.Collect$$rtentry$$00000004          0x000002cc   Section        6  rtentry4.o(.ARM.Collect$$rtentry$$00000004)
    .ARM.Collect$$rtentry$$00000009          0x000002d2   Section        0  rtentry2.o(.ARM.Collect$$rtentry$$00000009)
    .ARM.Collect$$rtentry$$0000000A          0x000002d2   Section        4  rtentry2.o(.ARM.Collect$$rtentry$$0000000A)
    .ARM.Collect$$rtentry$$0000000C          0x000002d6   Section        0  rtentry2.o(.ARM.Collect$$rtentry$$0000000C)
    .ARM.Collect$$rtentry$$0000000D          0x000002d6   Section        8  rtentry2.o(.ARM.Collect$$rtentry$$0000000D)
    .ARM.Collect$$rtexit$$00000000           0x000002de   Section        2  rtexit.o(.ARM.Collect$$rtexit$$00000000)
    .ARM.Collect$$rtexit$$00000002           0x000002e0   Section        0  rtexit2.o(.ARM.Collect$$rtexit$$00000002)
    .ARM.Collect$$rtexit$$00000003           0x000002e0   Section        4  rtexit2.o(.ARM.Collect$$rtexit$$00000003)
    .ARM.Collect$$rtexit$$00000004           0x000002e4   Section        6  rtexit2.o(.ARM.Collect$$rtexit$$00000004)
    .text                                    0x000002ec   Section      292  startup_tm4c123.o(.text)
    .text                                    0x00000410   Section        0  gpio.o(.text)
    .text                                    0x00000918   Section        0  uart.o(.text)
    .text                                    0x00000ee4   Section        0  gps.o(.text)
    .text                                    0x000013e4   Section        0  led.o(.text)
    .text                                    0x000014b8   Section        0  systick.o(.text)
    .text                                    0x00001528   Section        0  app.o(.text)
    .text                                    0x00001618   Section      100  rt_memcpy_w.o(.text)
    .text                                    0x0000167c   Section       78  rt_memclr_w.o(.text)
    .text                                    0x000016ca   Section        0  heapauxi.o(.text)
    .text                                    0x000016d0   Section        0  _rserrno.o(.text)
    .text                                    0x000016e8   Section        8  rt_errno_addr_intlibspace.o(.text)
    .text                                    0x000016f0   Section        8  libspace.o(.text)
    .text                                    0x000016f8   Section       74  sys_stackheap_outer.o(.text)
    .text                                    0x00001742   Section        0  exit.o(.text)
    .text                                    0x00001750   Section        0  sys_exit.o(.text)
    .text                                    0x0000175c   Section        2  use_no_semi.o(.text)
    .text                                    0x0000175e   Section        0  indicate_semi.o(.text)
    i.__ARM_fpclassify                       0x0000175e   Section        0  fpclassify.o(i.__ARM_fpclassify)
    i.__ieee754_rem_pio2                     0x00001788   Section        0  rred.o(i.__ieee754_rem_pio2)
    i.__kernel_cos                           0x00001b10   Section        0  cos_i.o(i.__kernel_cos)
    i.__kernel_poly                          0x00001c0c   Section        0  poly.o(i.__kernel_poly)
    i.__kernel_sin                           0x00001cb8   Section        0  sin_i.o(i.__kernel_sin)
    i.__mathlib_dbl_underflow                0x00001da4   Section        0  dunder.o(i.__mathlib_dbl_underflow)
    i.atan                                   0x00001db4   Section        0  atan.o(i.atan)
    i.atan2                                  0x00001fd8   Section        0  atan2.o(i.atan2)
    i.cos                                    0x00002158   Section        0  cos.o(i.cos)
    i.sin                                    0x00002204   Section        0  sin.o(i.sin)
    i.sqrt                                   0x000022b4   Section        0  sqrt.o(i.sqrt)
    x$fpl$dadd                               0x00002300   Section      336  daddsub_clz.o(x$fpl$dadd)
    _dadd1                                   0x00002311   Thumb Code     0  daddsub_clz.o(x$fpl$dadd)
    x$fpl$dcheck1                            0x00002450   Section       16  dcheck1.o(x$fpl$dcheck1)
    x$fpl$dcmpinf                            0x00002460   Section       24  dcmpi.o(x$fpl$dcmpinf)
    x$fpl$ddiv                               0x00002478   Section      688  ddiv.o(x$fpl$ddiv)
    ddiv_entry                               0x0000247f   Thumb Code     0  ddiv.o(x$fpl$ddiv)
    x$fpl$dfix                               0x00002728   Section       94  dfix.o(x$fpl$dfix)
    x$fpl$dflt                               0x00002786   Section       46  dflt_clz.o(x$fpl$dflt)
    x$fpl$dfltu                              0x000027b4   Section       38  dflt_clz.o(x$fpl$dfltu)
    x$fpl$dleqf                              0x000027dc   Section      120  dleqf.o(x$fpl$dleqf)
    x$fpl$dmul                               0x00002854   Section      340  dmul.o(x$fpl$dmul)
    x$fpl$dnaninf                            0x000029a8   Section      156  dnaninf.o(x$fpl$dnaninf)
    x$fpl$dretinf                            0x00002a44   Section       12  dretinf.o(x$fpl$dretinf)
    x$fpl$drleqf                             0x00002a50   Section      108  drleqf.o(x$fpl$drleqf)
    x$fpl$drsb                               0x00002abc   Section       22  daddsub_clz.o(x$fpl$drsb)
    x$fpl$dsqrt                              0x00002ad4   Section      408  dsqrt_umaal.o(x$fpl$dsqrt)
    x$fpl$dsub                               0x00002c6c   Section      468  daddsub_clz.o(x$fpl$dsub)
    _dsub1                                   0x00002c7d   Thumb Code     0  daddsub_clz.o(x$fpl$dsub)
    x$fpl$retnan                             0x00002e40   Section      100  retnan.o(x$fpl$retnan)
    x$fpl$scalbn                             0x00002ea4   Section       92  scalbn.o(x$fpl$scalbn)
    x$fpl$trapveneer                         0x00002f00   Section       48  trapv.o(x$fpl$trapveneer)
    .constdata                               0x00002f30   Section      152  atan.o(.constdata)
    x$fpl$usenofp                            0x00002f30   Section        0  usenofp.o(x$fpl$usenofp)
    atanhi                                   0x00002f30   Data          32  atan.o(.constdata)
    atanlo                                   0x00002f50   Data          32  atan.o(.constdata)
    aTodd                                    0x00002f70   Data          40  atan.o(.constdata)
    aTeven                                   0x00002f98   Data          48  atan.o(.constdata)
    .constdata                               0x00002fc8   Section       48  cos_i.o(.constdata)
    C                                        0x00002fc8   Data          48  cos_i.o(.constdata)
    .constdata                               0x00002ff8   Section        8  qnan.o(.constdata)
    .constdata                               0x00003000   Section      200  rred.o(.constdata)
    pio2s                                    0x00003000   Data          48  rred.o(.constdata)
    twooverpi                                0x00003030   Data         152  rred.o(.constdata)
    .constdata                               0x000030c8   Section       40  sin_i.o(.constdata)
    S                                        0x000030c8   Data          40  sin_i.o(.constdata)
    .bss                                     0x20000000   Section       96  libspace.o(.bss)
    HEAP                                     0x20000060   Section        0  startup_tm4c123.o(HEAP)
    STACK                                    0x20000060   Section      512  startup_tm4c123.o(STACK)
    Heap_Mem                                 0x20000060   Data           0  startup_tm4c123.o(HEAP)
    Stack_Mem                                0x20000060   Data         512  startup_tm4c123.o(STACK)
    __initial_sp                             0x20000260   Data           0  startup_tm4c123.o(STACK)

    Global Symbols

    Symbol Name                              Value     Ov Type        Size  Object(Section)

    BuildAttributes$$THM_ISAv4$E$P$D$K$B$S$7EM$PE$A:L22UL41UL21$X:L11$S22US41US21$IEEE1$IW$USESV6$~STKCKD$USESV7$~SHL$OTIME$ROPI$IEEEX$EBA8$UX$STANDARDLIB$REQ8$PRES8$EABIv2 0x00000000   Number         0  anon$$obj.o ABSOLUTE
    __ARM_use_no_argv                        0x00000000   Number         0  app.o ABSOLUTE
    __Vectors                                0x00000000   Data           4  startup_tm4c123.o(RESET)
    __ARM_exceptions_init                     - Undefined Weak Reference
    __alloca_initialize                       - Undefined Weak Reference
    __cpp_initialize__aeabi_                  - Undefined Weak Reference
    __cxa_finalize                            - Undefined Weak Reference
    __rt_locale                               - Undefined Weak Reference
    __sigvec_lookup                           - Undefined Weak Reference
    _atexit_init                              - Undefined Weak Reference
    _call_atexit_fns                          - Undefined Weak Reference
    _clock_init                               - Undefined Weak Reference
    _fp_trap_init                             - Undefined Weak Reference
    _fp_trap_shutdown                         - Undefined Weak Reference
    _get_lc_collate                           - Undefined Weak Reference
    _get_lc_ctype                             - Undefined Weak Reference
    _get_lc_monetary                          - Undefined Weak Reference
    _get_lc_numeric                           - Undefined Weak Reference
    _get_lc_time                              - Undefined Weak Reference
    _getenv_init                              - Undefined Weak Reference
    _handle_redirection                       - Undefined Weak Reference
    _init_alloc                               - Undefined Weak Reference
    _init_user_alloc                          - Undefined Weak Reference
    _initio                                   - Undefined Weak Reference
    _rand_init                                - Undefined Weak Reference
    _signal_finish                            - Undefined Weak Reference
    _signal_init                              - Undefined Weak Reference
    _terminate_alloc                          - Undefined Weak Reference
    _terminate_user_alloc                     - Undefined Weak Reference
    _terminateio                              - Undefined Weak Reference
    __Vectors_End                            0x0000026c   Data           0  startup_tm4c123.o(RESET)
    __Vectors_Size                           0x0000026c   Number         0  startup_tm4c123.o ABSOLUTE
    __main                                   0x0000026d   Thumb Code     8  __main.o(!!!main)
    __scatterload                            0x00000275   Thumb Code     0  __scatter.o(!!!scatter)
    __scatterload_rt2                        0x00000275   Thumb Code    44  __scatter.o(!!!scatter)
    __scatterload_rt2_thumb_only             0x00000275   Thumb Code     0  __scatter.o(!!!scatter)
    __scatterload_null                       0x00000283   Thumb Code     0  __scatter.o(!!!scatter)
    __scatterload_zeroinit                   0x000002a9   Thumb Code    28  __scatter_zi.o(!!handler_zi)
    __rt_lib_init                            0x000002c5   Thumb Code     0  libinit.o(.ARM.Collect$$libinit$$00000000)
    __rt_lib_init_alloca_1                   0x000002c7   Thumb Code     0  libinit2.o(.ARM.Collect$$libinit$$0000002C)
    __rt_lib_init_argv_1                     0x000002c7   Thumb Code     0  libinit2.o(.ARM.Collect$$libinit$$0000002A)
    __rt_lib_init_atexit_1                   0x000002c7   Thumb Code     0  libinit2.o(.ARM.Collect$$libinit$$00000019)
    __rt_lib_init_clock_1                    0x000002c7   Thumb Code     0  libinit2.o(.ARM.Collect$$libinit$$0000001F)
    __rt_lib_init_cpp_1                      0x000002c7   Thumb Code     0  libinit2.o(.ARM.Collect$$libinit$$00000030)
    __rt_lib_init_exceptions_1               0x000002c7   Thumb Code     0  libinit2.o(.ARM.Collect$$libinit$$0000002E)
    __rt_lib_init_fp_1                       0x000002c7   Thumb Code     0  libinit2.o(.ARM.Collect$$libinit$$00000002)
    __rt_lib_init_fp_trap_1                  0x000002c7   Thumb Code     0  libinit2.o(.ARM.Collect$$libinit$$0000001D)
    __rt_lib_init_getenv_1                   0x000002c7   Thumb Code     0  libinit2.o(.ARM.Collect$$libinit$$00000021)
    __rt_lib_init_heap_1                     0x000002c7   Thumb Code     0  libinit2.o(.ARM.Collect$$libinit$$00000008)
    __rt_lib_init_lc_collate_1               0x000002c7   Thumb Code     0  libinit2.o(.ARM.Collect$$libinit$$0000000F)
    __rt_lib_init_lc_ctype_1                 0x000002c7   Thumb Code     0  libinit2.o(.ARM.Collect$$libinit$$00000011)
    __rt_lib_init_lc_monetary_1              0x000002c7   Thumb Code     0  libinit2.o(.ARM.Collect$$libinit$$00000013)
    __rt_lib_init_lc_numeric_1               0x000002c7   Thumb Code     0  libinit2.o(.ARM.Collect$$libinit$$00000015)
    __rt_lib_init_lc_time_1                  0x000002c7   Thumb Code     0  libinit2.o(.ARM.Collect$$libinit$$00000017)
    __rt_lib_init_rand_1                     0x000002c7   Thumb Code     0  libinit2.o(.ARM.Collect$$libinit$$0000000C)
    __rt_lib_init_return                     0x000002c7   Thumb Code     0  libinit2.o(.ARM.Collect$$libinit$$00000031)
    __rt_lib_init_signal_1                   0x000002c7   Thumb Code     0  libinit2.o(.ARM.Collect$$libinit$$0000001B)
    __rt_lib_init_stdio_1                    0x000002c7   Thumb Code     0  libinit2.o(.ARM.Collect$$libinit$$00000023)
    __rt_lib_init_user_alloc_1               0x000002c7   Thumb Code     0  libinit2.o(.ARM.Collect$$libinit$$0000000A)
    __rt_lib_shutdown                        0x000002c9   Thumb Code     0  libshutdown.o(.ARM.Collect$$libshutdown$$00000000)
    __rt_lib_shutdown_fp_trap_1              0x000002cb   Thumb Code     0  libshutdown2.o(.ARM.Collect$$libshutdown$$00000006)
    __rt_lib_shutdown_heap_1                 0x000002cb   Thumb Code     0  libshutdown2.o(.ARM.Collect$$libshutdown$$0000000E)
    __rt_lib_shutdown_return                 0x000002cb   Thumb Code     0  libshutdown2.o(.ARM.Collect$$libshutdown$$0000000F)
    __rt_lib_shutdown_signal_1               0x000002cb   Thumb Code     0  libshutdown2.o(.ARM.Collect$$libshutdown$$00000009)
    __rt_lib_shutdown_stdio_1                0x000002cb   Thumb Code     0  libshutdown2.o(.ARM.Collect$$libshutdown$$00000003)
    __rt_lib_shutdown_user_alloc_1           0x000002cb   Thumb Code     0  libshutdown2.o(.ARM.Collect$$libshutdown$$0000000B)
    __rt_entry                               0x000002cd   Thumb Code     0  rtentry.o(.ARM.Collect$$rtentry$$00000000)
    __rt_entry_presh_1                       0x000002cd   Thumb Code     0  rtentry2.o(.ARM.Collect$$rtentry$$00000002)
    __rt_entry_sh                            0x000002cd   Thumb Code     0  rtentry4.o(.ARM.Collect$$rtentry$$00000004)
    __rt_entry_li                            0x000002d3   Thumb Code     0  rtentry2.o(.ARM.Collect$$rtentry$$0000000A)
    __rt_entry_postsh_1                      0x000002d3   Thumb Code     0  rtentry2.o(.ARM.Collect$$rtentry$$00000009)
    __rt_entry_main                          0x000002d7   Thumb Code     0  rtentry2.o(.ARM.Collect$$rtentry$$0000000D)
    __rt_entry_postli_1                      0x000002d7   Thumb Code     0  rtentry2.o(.ARM.Collect$$rtentry$$0000000C)
    __rt_exit                                0x000002df   Thumb Code     0  rtexit.o(.ARM.Collect$$rtexit$$00000000)
    __rt_exit_ls                             0x000002e1   Thumb Code     0  rtexit2.o(.ARM.Collect$$rtexit$$00000003)
    __rt_exit_prels_1                        0x000002e1   Thumb Code     0  rtexit2.o(.ARM.Collect$$rtexit$$00000002)
    __rt_exit_exit                           0x000002e5   Thumb Code     0  rtexit2.o(.ARM.Collect$$rtexit$$00000004)
    Reset_Handler                            0x000002ed   Thumb Code    24  startup_tm4c123.o(.text)
    NMI_Handler                              0x00000305   Thumb Code     2  startup_tm4c123.o(.text)
    HardFault_Handler                        0x00000307   Thumb Code     2  startup_tm4c123.o(.text)
    MemManage_Handler                        0x00000309   Thumb Code     2  startup_tm4c123.o(.text)
    BusFault_Handler                         0x0000030b   Thumb Code     2  startup_tm4c123.o(.text)
    UsageFault_Handler                       0x0000030d   Thumb Code     2  startup_tm4c123.o(.text)
    SVC_Handler                              0x0000030f   Thumb Code     2  startup_tm4c123.o(.text)
    DebugMon_Handler                         0x00000311   Thumb Code     2  startup_tm4c123.o(.text)
    PendSV_Handler                           0x00000313   Thumb Code     2  startup_tm4c123.o(.text)
    SysTick_Handler                          0x00000315   Thumb Code     2  startup_tm4c123.o(.text)
    GPIOA_Handler                            0x00000317   Thumb Code     2  startup_tm4c123.o(.text)
    GPIOB_Handler                            0x00000319   Thumb Code     2  startup_tm4c123.o(.text)
    GPIOC_Handler                            0x0000031b   Thumb Code     2  startup_tm4c123.o(.text)
    GPIOD_Handler                            0x0000031d   Thumb Code     2  startup_tm4c123.o(.text)
    GPIOE_Handler                            0x0000031f   Thumb Code     2  startup_tm4c123.o(.text)
    UART0_Handler                            0x00000321   Thumb Code     2  startup_tm4c123.o(.text)
    UART1_Handler                            0x00000323   Thumb Code     2  startup_tm4c123.o(.text)
    SSI0_Handler                             0x00000325   Thumb Code     2  startup_tm4c123.o(.text)
    I2C0_Handler                             0x00000327   Thumb Code     2  startup_tm4c123.o(.text)
    PMW0_FAULT_Handler                       0x00000329   Thumb Code     2  startup_tm4c123.o(.text)
    PWM0_0_Handler                           0x0000032b   Thumb Code     2  startup_tm4c123.o(.text)
    PWM0_1_Handler                           0x0000032d   Thumb Code     2  startup_tm4c123.o(.text)
    PWM0_2_Handler                           0x0000032f   Thumb Code     2  startup_tm4c123.o(.text)
    QEI0_Handler                             0x00000331   Thumb Code     2  startup_tm4c123.o(.text)
    ADC0SS0_Handler                          0x00000333   Thumb Code     2  startup_tm4c123.o(.text)
    ADC0SS1_Handler                          0x00000335   Thumb Code     2  startup_tm4c123.o(.text)
    ADC0SS2_Handler                          0x00000337   Thumb Code     2  startup_tm4c123.o(.text)
    ADC0SS3_Handler                          0x00000339   Thumb Code     2  startup_tm4c123.o(.text)
    WDT0_Handler                             0x0000033b   Thumb Code     2  startup_tm4c123.o(.text)
    TIMER0A_Handler                          0x0000033d   Thumb Code     2  startup_tm4c123.o(.text)
    TIMER0B_Handler                          0x0000033f   Thumb Code     2  startup_tm4c123.o(.text)
    TIMER1A_Handler                          0x00000341   Thumb Code     2  startup_tm4c123.o(.text)
    TIMER1B_Handler                          0x00000343   Thumb Code     2  startup_tm4c123.o(.text)
    TIMER2A_Handler                          0x00000345   Thumb Code     2  startup_tm4c123.o(.text)
    TIMER2B_Handler                          0x00000347   Thumb Code     2  startup_tm4c123.o(.text)
    COMP0_Handler                            0x00000349   Thumb Code     2  startup_tm4c123.o(.text)
    COMP1_Handler                            0x0000034b   Thumb Code     2  startup_tm4c123.o(.text)
    COMP2_Handler                            0x0000034d   Thumb Code     2  startup_tm4c123.o(.text)
    SYSCTL_Handler                           0x0000034f   Thumb Code     2  startup_tm4c123.o(.text)
    FLASH_Handler                            0x00000351   Thumb Code     2  startup_tm4c123.o(.text)
    GPIOF_Handler                            0x00000353   Thumb Code     2  startup_tm4c123.o(.text)
    GPIOG_Handler                            0x00000355   Thumb Code     2  startup_tm4c123.o(.text)
    GPIOH_Handler                            0x00000357   Thumb Code     2  startup_tm4c123.o(.text)
    UART2_Handler                            0x00000359   Thumb Code     2  startup_tm4c123.o(.text)
    SSI1_Handler                             0x0000035b   Thumb Code     2  startup_tm4c123.o(.text)
    TIMER3A_Handler                          0x0000035d   Thumb Code     2  startup_tm4c123.o(.text)
    TIMER3B_Handler                          0x0000035f   Thumb Code     2  startup_tm4c123.o(.text)
    I2C1_Handler                             0x00000361   Thumb Code     2  startup_tm4c123.o(.text)
    QEI1_Handler                             0x00000363   Thumb Code     2  startup_tm4c123.o(.text)
    CAN0_Handler                             0x00000365   Thumb Code     2  startup_tm4c123.o(.text)
    CAN1_Handler                             0x00000367   Thumb Code     2  startup_tm4c123.o(.text)
    CAN2_Handler                             0x00000369   Thumb Code     2  startup_tm4c123.o(.text)
    HIB_Handler                              0x0000036b   Thumb Code     2  startup_tm4c123.o(.text)
    USB0_Handler                             0x0000036d   Thumb Code     2  startup_tm4c123.o(.text)
    PWM0_3_Handler                           0x0000036f   Thumb Code     2  startup_tm4c123.o(.text)
    UDMA_Handler                             0x00000371   Thumb Code     2  startup_tm4c123.o(.text)
    UDMAERR_Handler                          0x00000373   Thumb Code     2  startup_tm4c123.o(.text)
    ADC1SS0_Handler                          0x00000375   Thumb Code     2  startup_tm4c123.o(.text)
    ADC1SS1_Handler                          0x00000377   Thumb Code     2  startup_tm4c123.o(.text)
    ADC1SS2_Handler                          0x00000379   Thumb Code     2  startup_tm4c123.o(.text)
    ADC1SS3_Handler                          0x0000037b   Thumb Code     2  startup_tm4c123.o(.text)
    GPIOJ_Handler                            0x0000037d   Thumb Code     2  startup_tm4c123.o(.text)
    GPIOK_Handler                            0x0000037f   Thumb Code     2  startup_tm4c123.o(.text)
    GPIOL_Handler                            0x00000381   Thumb Code     2  startup_tm4c123.o(.text)
    SSI2_Handler                             0x00000383   Thumb Code     2  startup_tm4c123.o(.text)
    SSI3_Handler                             0x00000385   Thumb Code     2  startup_tm4c123.o(.text)
    UART3_Handler                            0x00000387   Thumb Code     2  startup_tm4c123.o(.text)
    UART4_Handler                            0x00000389   Thumb Code     2  startup_tm4c123.o(.text)
    UART5_Handler                            0x0000038b   Thumb Code     2  startup_tm4c123.o(.text)
    UART6_Handler                            0x0000038d   Thumb Code     2  startup_tm4c123.o(.text)
    UART7_Handler                            0x0000038f   Thumb Code     2  startup_tm4c123.o(.text)
    I2C2_Handler                             0x00000391   Thumb Code     2  startup_tm4c123.o(.text)
    I2C3_Handler                             0x00000393   Thumb Code     2  startup_tm4c123.o(.text)
    TIMER4A_Handler                          0x00000395   Thumb Code     2  startup_tm4c123.o(.text)
    TIMER4B_Handler                          0x00000397   Thumb Code     2  startup_tm4c123.o(.text)
    TIMER5A_Handler                          0x00000399   Thumb Code     2  startup_tm4c123.o(.text)
    TIMER5B_Handler                          0x0000039b   Thumb Code     2  startup_tm4c123.o(.text)
    WTIMER0A_Handler                         0x0000039d   Thumb Code     2  startup_tm4c123.o(.text)
    WTIMER0B_Handler                         0x0000039f   Thumb Code     2  startup_tm4c123.o(.text)
    WTIMER1A_Handler                         0x000003a1   Thumb Code     2  startup_tm4c123.o(.text)
    WTIMER1B_Handler                         0x000003a3   Thumb Code     2  startup_tm4c123.o(.text)
    WTIMER2A_Handler                         0x000003a5   Thumb Code     2  startup_tm4c123.o(.text)
    WTIMER2B_Handler                         0x000003a7   Thumb Code     2  startup_tm4c123.o(.text)
    WTIMER3A_Handler                         0x000003a9   Thumb Code     2  startup_tm4c123.o(.text)
    WTIMER3B_Handler                         0x000003ab   Thumb Code     2  startup_tm4c123.o(.text)
    WTIMER4A_Handler                         0x000003ad   Thumb Code     2  startup_tm4c123.o(.text)
    WTIMER4B_Handler                         0x000003af   Thumb Code     2  startup_tm4c123.o(.text)
    WTIMER5A_Handler                         0x000003b1   Thumb Code     2  startup_tm4c123.o(.text)
    WTIMER5B_Handler                         0x000003b3   Thumb Code     2  startup_tm4c123.o(.text)
    FPU_Handler                              0x000003b5   Thumb Code     2  startup_tm4c123.o(.text)
    I2C4_Handler                             0x000003b7   Thumb Code     2  startup_tm4c123.o(.text)
    I2C5_Handler                             0x000003b9   Thumb Code     2  startup_tm4c123.o(.text)
    GPIOM_Handler                            0x000003bb   Thumb Code     2  startup_tm4c123.o(.text)
    GPION_Handler                            0x000003bd   Thumb Code     2  startup_tm4c123.o(.text)
    QEI2_Handler                             0x000003bf   Thumb Code     2  startup_tm4c123.o(.text)
    GPIOP0_Handler                           0x000003c1   Thumb Code     2  startup_tm4c123.o(.text)
    GPIOP1_Handler                           0x000003c3   Thumb Code     2  startup_tm4c123.o(.text)
    GPIOP2_Handler                           0x000003c5   Thumb Code     2  startup_tm4c123.o(.text)
    GPIOP3_Handler                           0x000003c7   Thumb Code     2  startup_tm4c123.o(.text)
    GPIOP4_Handler                           0x000003c9   Thumb Code     2  startup_tm4c123.o(.text)
    GPIOP5_Handler                           0x000003cb   Thumb Code     2  startup_tm4c123.o(.text)
    GPIOP6_Handler                           0x000003cd   Thumb Code     2  startup_tm4c123.o(.text)
    GPIOP7_Handler                           0x000003cf   Thumb Code     2  startup_tm4c123.o(.text)
    GPIOQ0_Handler                           0x000003d1   Thumb Code     2  startup_tm4c123.o(.text)
    GPIOQ1_Handler                           0x000003d3   Thumb Code     2  startup_tm4c123.o(.text)
    GPIOQ2_Handler                           0x000003d5   Thumb Code     2  startup_tm4c123.o(.text)
    GPIOQ3_Handler                           0x000003d7   Thumb Code     2  startup_tm4c123.o(.text)
    GPIOQ4_Handler                           0x000003d9   Thumb Code     2  startup_tm4c123.o(.text)
    GPIOQ5_Handler                           0x000003db   Thumb Code     2  startup_tm4c123.o(.text)
    GPIOQ6_Handler                           0x000003dd   Thumb Code     2  startup_tm4c123.o(.text)
    GPIOQ7_Handler                           0x000003df   Thumb Code     2  startup_tm4c123.o(.text)
    GPIOR_Handler                            0x000003e1   Thumb Code     2  startup_tm4c123.o(.text)
    GPIOS_Handler                            0x000003e3   Thumb Code     2  startup_tm4c123.o(.text)
    PMW1_0_Handler                           0x000003e5   Thumb Code     2  startup_tm4c123.o(.text)
    PWM1_1_Handler                           0x000003e7   Thumb Code     2  startup_tm4c123.o(.text)
    PWM1_2_Handler                           0x000003e9   Thumb Code     2  startup_tm4c123.o(.text)
    PWM1_3_Handler                           0x000003eb   Thumb Code     2  startup_tm4c123.o(.text)
    PWM1_FAULT_Handler                       0x000003ed   Thumb Code     2  startup_tm4c123.o(.text)
    __user_initial_stackheap                 0x000003f1   Thumb Code     0  startup_tm4c123.o(.text)
    GPIO_InitPort                            0x00000411   Thumb Code   322  gpio.o(.text)
    GPIO_SetPortValue                        0x00000553   Thumb Code    52  gpio.o(.text)
    GPIO_SetPinDirection                     0x00000587   Thumb Code   354  gpio.o(.text)
    GPIO_SetPinValue                         0x000006e9   Thumb Code   396  gpio.o(.text)
    GPIO_GetPinValue                         0x00000875   Thumb Code   144  gpio.o(.text)
    UART0_Init                               0x00000919   Thumb Code   258  uart.o(.text)
    UART0_CharTX                             0x00000a1b   Thumb Code    18  uart.o(.text)
    UART0_CharRX                             0x00000a2d   Thumb Code    20  uart.o(.text)
    UART0_StringTX                           0x00000a41   Thumb Code    22  uart.o(.text)
    UART0_StringRX                           0x00000a57   Thumb Code    32  uart.o(.text)
    UART5_Init                               0x00000a77   Thumb Code   252  uart.o(.text)
    UART5_CharTX                             0x00000b73   Thumb Code    18  uart.o(.text)
    UART5_CharRX                             0x00000b85   Thumb Code    20  uart.o(.text)
    UART5_StringTX                           0x00000b99   Thumb Code    22  uart.o(.text)
    UART5_StringRX                           0x00000baf   Thumb Code    32  uart.o(.text)
    UART2_Init                               0x00000bcf   Thumb Code   262  uart.o(.text)
    UART2_CharTX                             0x00000cd5   Thumb Code    18  uart.o(.text)
    UART2_CharRX                             0x00000ce7   Thumb Code    20  uart.o(.text)
    UART2_StringTX                           0x00000cfb   Thumb Code    70  uart.o(.text)
    UART2_StringRX                           0x00000d41   Thumb Code    32  uart.o(.text)
    UART7_Init                               0x00000d61   Thumb Code   262  uart.o(.text)
    UART7_CharTX                             0x00000e67   Thumb Code    18  uart.o(.text)
    UART7_CharRX                             0x00000e79   Thumb Code    20  uart.o(.text)
    UART7_StringTX                           0x00000e8d   Thumb Code    22  uart.o(.text)
    UART7_StringRX                           0x00000ea3   Thumb Code    32  uart.o(.text)
    readGPS                                  0x00000ee5   Thumb Code   406  gps.o(.text)
    toRadians                                0x0000107b   Thumb Code    34  gps.o(.text)
    ConvertToDouble                          0x0000109d   Thumb Code   210  gps.o(.text)
    calculateDistance                        0x0000116f   Thumb Code   358  gps.o(.text)
    convertDMtoDD                            0x000012d5   Thumb Code   100  gps.o(.text)
    convertDMMtoDD                           0x00001339   Thumb Code   100  gps.o(.text)
    LED_init                                 0x000013e5   Thumb Code    40  led.o(.text)
    LED_ON                                   0x0000140d   Thumb Code    86  led.o(.text)
    LED_OFF                                  0x00001463   Thumb Code    86  led.o(.text)
    delay_s                                  0x000014b9   Thumb Code    36  systick.o(.text)
    wait_s                                   0x000014dd   Thumb Code    12  systick.o(.text)
    delay_ms                                 0x000014e9   Thumb Code    38  systick.o(.text)
    wait_ms                                  0x0000150f   Thumb Code    20  systick.o(.text)
    SystemInit                               0x00001529   Thumb Code     2  app.o(.text)
    main                                     0x0000152b   Thumb Code   214  app.o(.text)
    __aeabi_memcpy4                          0x00001619   Thumb Code     0  rt_memcpy_w.o(.text)
    __aeabi_memcpy8                          0x00001619   Thumb Code     0  rt_memcpy_w.o(.text)
    __rt_memcpy_w                            0x00001619   Thumb Code   100  rt_memcpy_w.o(.text)
    _memcpy_lastbytes_aligned                0x00001661   Thumb Code     0  rt_memcpy_w.o(.text)
    __aeabi_memclr4                          0x0000167d   Thumb Code     0  rt_memclr_w.o(.text)
    __aeabi_memclr8                          0x0000167d   Thumb Code     0  rt_memclr_w.o(.text)
    __rt_memclr_w                            0x0000167d   Thumb Code    78  rt_memclr_w.o(.text)
    _memset_w                                0x00001681   Thumb Code     0  rt_memclr_w.o(.text)
    __use_two_region_memory                  0x000016cb   Thumb Code     2  heapauxi.o(.text)
    __rt_heap_escrow$2region                 0x000016cd   Thumb Code     2  heapauxi.o(.text)
    __rt_heap_expand$2region                 0x000016cf   Thumb Code     2  heapauxi.o(.text)
    __read_errno                             0x000016d1   Thumb Code    10  _rserrno.o(.text)
    __set_errno                              0x000016db   Thumb Code    12  _rserrno.o(.text)
    __aeabi_errno_addr                       0x000016e9   Thumb Code     8  rt_errno_addr_intlibspace.o(.text)
    __errno$intlibspace                      0x000016e9   Thumb Code     0  rt_errno_addr_intlibspace.o(.text)
    __rt_errno_addr$intlibspace              0x000016e9   Thumb Code     0  rt_errno_addr_intlibspace.o(.text)
    __user_libspace                          0x000016f1   Thumb Code     8  libspace.o(.text)
    __user_perproc_libspace                  0x000016f1   Thumb Code     0  libspace.o(.text)
    __user_perthread_libspace                0x000016f1   Thumb Code     0  libspace.o(.text)
    __user_setup_stackheap                   0x000016f9   Thumb Code    74  sys_stackheap_outer.o(.text)
    exit                                     0x00001743   Thumb Code    12  exit.o(.text)
    _sys_exit                                0x00001751   Thumb Code     8  sys_exit.o(.text)
    __I$use$semihosting                      0x0000175d   Thumb Code     0  use_no_semi.o(.text)
    __use_no_semihosting_swi                 0x0000175d   Thumb Code     2  use_no_semi.o(.text)
    __ARM_fpclassify                         0x0000175f   Thumb Code    40  fpclassify.o(i.__ARM_fpclassify)
    __semihosting_library_function           0x0000175f   Thumb Code     0  indicate_semi.o(.text)
    __ieee754_rem_pio2                       0x00001789   Thumb Code   832  rred.o(i.__ieee754_rem_pio2)
    __kernel_cos                             0x00001b11   Thumb Code   230  cos_i.o(i.__kernel_cos)
    __kernel_poly                            0x00001c0d   Thumb Code   170  poly.o(i.__kernel_poly)
    __kernel_sin                             0x00001cb9   Thumb Code   224  sin_i.o(i.__kernel_sin)
    __mathlib_dbl_underflow                  0x00001da5   Thumb Code    10  dunder.o(i.__mathlib_dbl_underflow)
    atan                                     0x00001db5   Thumb Code   478  atan.o(i.atan)
    atan2                                    0x00001fd9   Thumb Code   346  atan2.o(i.atan2)
    cos                                      0x00002159   Thumb Code   164  cos.o(i.cos)
    sin                                      0x00002205   Thumb Code   166  sin.o(i.sin)
    sqrt                                     0x000022b5   Thumb Code    76  sqrt.o(i.sqrt)
    __aeabi_dadd                             0x00002301   Thumb Code     0  daddsub_clz.o(x$fpl$dadd)
    _dadd                                    0x00002301   Thumb Code   332  daddsub_clz.o(x$fpl$dadd)
    __fpl_dcheck_NaN1                        0x00002451   Thumb Code    10  dcheck1.o(x$fpl$dcheck1)
    __fpl_dcmp_Inf                           0x00002461   Thumb Code    24  dcmpi.o(x$fpl$dcmpinf)
    __aeabi_ddiv                             0x00002479   Thumb Code     0  ddiv.o(x$fpl$ddiv)
    _ddiv                                    0x00002479   Thumb Code   552  ddiv.o(x$fpl$ddiv)
    __aeabi_d2iz                             0x00002729   Thumb Code     0  dfix.o(x$fpl$dfix)
    _dfix                                    0x00002729   Thumb Code    94  dfix.o(x$fpl$dfix)
    __aeabi_i2d                              0x00002787   Thumb Code     0  dflt_clz.o(x$fpl$dflt)
    _dflt                                    0x00002787   Thumb Code    46  dflt_clz.o(x$fpl$dflt)
    __aeabi_ui2d                             0x000027b5   Thumb Code     0  dflt_clz.o(x$fpl$dfltu)
    _dfltu                                   0x000027b5   Thumb Code    38  dflt_clz.o(x$fpl$dfltu)
    __aeabi_cdcmple                          0x000027dd   Thumb Code     0  dleqf.o(x$fpl$dleqf)
    _dcmple                                  0x000027dd   Thumb Code   120  dleqf.o(x$fpl$dleqf)
    __fpl_dcmple_InfNaN                      0x0000283f   Thumb Code     0  dleqf.o(x$fpl$dleqf)
    __aeabi_dmul                             0x00002855   Thumb Code     0  dmul.o(x$fpl$dmul)
    _dmul                                    0x00002855   Thumb Code   332  dmul.o(x$fpl$dmul)
    __fpl_dnaninf                            0x000029a9   Thumb Code   156  dnaninf.o(x$fpl$dnaninf)
    __fpl_dretinf                            0x00002a45   Thumb Code    12  dretinf.o(x$fpl$dretinf)
    __aeabi_cdrcmple                         0x00002a51   Thumb Code     0  drleqf.o(x$fpl$drleqf)
    _drcmple                                 0x00002a51   Thumb Code   108  drleqf.o(x$fpl$drleqf)
    __aeabi_drsub                            0x00002abd   Thumb Code     0  daddsub_clz.o(x$fpl$drsb)
    _drsb                                    0x00002abd   Thumb Code    22  daddsub_clz.o(x$fpl$drsb)
    _dsqrt                                   0x00002ad5   Thumb Code   404  dsqrt_umaal.o(x$fpl$dsqrt)
    __aeabi_dsub                             0x00002c6d   Thumb Code     0  daddsub_clz.o(x$fpl$dsub)
    _dsub                                    0x00002c6d   Thumb Code   464  daddsub_clz.o(x$fpl$dsub)
    __fpl_return_NaN                         0x00002e41   Thumb Code   100  retnan.o(x$fpl$retnan)
    __ARM_scalbn                             0x00002ea5   Thumb Code    92  scalbn.o(x$fpl$scalbn)
    __fpl_cmpreturn                          0x00002f01   Thumb Code    48  trapv.o(x$fpl$trapveneer)
    __I$use$fp                               0x00002f30   Number         0  usenofp.o(x$fpl$usenofp)
    __mathlib_zero                           0x00002ff8   Data           8  qnan.o(.constdata)
    Region$$Table$$Base                      0x000030f0   Number         0  anon$$obj.o(Region$$Table)
    Region$$Table$$Limit                     0x00003100   Number         0  anon$$obj.o(Region$$Table)
    __libspace_start                         0x20000000   Data          96  libspace.o(.bss)
    __temporary_stack_top$libspace           0x20000060   Data           0  libspace.o(.bss)



==============================================================================

Memory Map of the image

  Image Entry point : 0x000002ed

  Load Region LR_1 (Base: 0x00000000, Size: 0x00003100, Max: 0xffffffff, ABSOLUTE)

    Execution Region ER_RO (Base: 0x00000000, Size: 0x00003100, Max: 0xffffffff, ABSOLUTE)

    Base Addr    Size         Type   Attr      Idx    E Section Name        Object

    0x00000000   0x0000026c   Data   RO            3    RESET               startup_tm4c123.o
    0x0000026c   0x00000008   Code   RO          189  * !!!main             c_w.l(__main.o)
    0x00000274   0x00000034   Code   RO          456    !!!scatter          c_w.l(__scatter.o)
    0x000002a8   0x0000001c   Code   RO          458    !!handler_zi        c_w.l(__scatter_zi.o)
    0x000002c4   0x00000002   Code   RO          328    .ARM.Collect$$libinit$$00000000  c_w.l(libinit.o)
    0x000002c6   0x00000000   Code   RO          334    .ARM.Collect$$libinit$$00000002  c_w.l(libinit2.o)
    0x000002c6   0x00000000   Code   RO          337    .ARM.Collect$$libinit$$00000008  c_w.l(libinit2.o)
    0x000002c6   0x00000000   Code   RO          339    .ARM.Collect$$libinit$$0000000A  c_w.l(libinit2.o)
    0x000002c6   0x00000000   Code   RO          341    .ARM.Collect$$libinit$$0000000C  c_w.l(libinit2.o)
    0x000002c6   0x00000000   Code   RO          344    .ARM.Collect$$libinit$$0000000F  c_w.l(libinit2.o)
    0x000002c6   0x00000000   Code   RO          346    .ARM.Collect$$libinit$$00000011  c_w.l(libinit2.o)
    0x000002c6   0x00000000   Code   RO          348    .ARM.Collect$$libinit$$00000013  c_w.l(libinit2.o)
    0x000002c6   0x00000000   Code   RO          350    .ARM.Collect$$libinit$$00000015  c_w.l(libinit2.o)
    0x000002c6   0x00000000   Code   RO          352    .ARM.Collect$$libinit$$00000017  c_w.l(libinit2.o)
    0x000002c6   0x00000000   Code   RO          354    .ARM.Collect$$libinit$$00000019  c_w.l(libinit2.o)
    0x000002c6   0x00000000   Code   RO          356    .ARM.Collect$$libinit$$0000001B  c_w.l(libinit2.o)
    0x000002c6   0x00000000   Code   RO          358    .ARM.Collect$$libinit$$0000001D  c_w.l(libinit2.o)
    0x000002c6   0x00000000   Code   RO          360    .ARM.Collect$$libinit$$0000001F  c_w.l(libinit2.o)
    0x000002c6   0x00000000   Code   RO          362    .ARM.Collect$$libinit$$00000021  c_w.l(libinit2.o)
    0x000002c6   0x00000000   Code   RO          364    .ARM.Collect$$libinit$$00000023  c_w.l(libinit2.o)
    0x000002c6   0x00000000   Code   RO          368    .ARM.Collect$$libinit$$0000002A  c_w.l(libinit2.o)
    0x000002c6   0x00000000   Code   RO          370    .ARM.Collect$$libinit$$0000002C  c_w.l(libinit2.o)
    0x000002c6   0x00000000   Code   RO          372    .ARM.Collect$$libinit$$0000002E  c_w.l(libinit2.o)
    0x000002c6   0x00000000   Code   RO          374    .ARM.Collect$$libinit$$00000030  c_w.l(libinit2.o)
    0x000002c6   0x00000002   Code   RO          375    .ARM.Collect$$libinit$$00000031  c_w.l(libinit2.o)
    0x000002c8   0x00000002   Code   RO          397    .ARM.Collect$$libshutdown$$00000000  c_w.l(libshutdown.o)
    0x000002ca   0x00000000   Code   RO          411    .ARM.Collect$$libshutdown$$00000003  c_w.l(libshutdown2.o)
    0x000002ca   0x00000000   Code   RO          414    .ARM.Collect$$libshutdown$$00000006  c_w.l(libshutdown2.o)
    0x000002ca   0x00000000   Code   RO          417    .ARM.Collect$$libshutdown$$00000009  c_w.l(libshutdown2.o)
    0x000002ca   0x00000000   Code   RO          419    .ARM.Collect$$libshutdown$$0000000B  c_w.l(libshutdown2.o)
    0x000002ca   0x00000000   Code   RO          422    .ARM.Collect$$libshutdown$$0000000E  c_w.l(libshutdown2.o)
    0x000002ca   0x00000002   Code   RO          423    .ARM.Collect$$libshutdown$$0000000F  c_w.l(libshutdown2.o)
    0x000002cc   0x00000000   Code   RO          249    .ARM.Collect$$rtentry$$00000000  c_w.l(rtentry.o)
    0x000002cc   0x00000000   Code   RO          289    .ARM.Collect$$rtentry$$00000002  c_w.l(rtentry2.o)
    0x000002cc   0x00000006   Code   RO          301    .ARM.Collect$$rtentry$$00000004  c_w.l(rtentry4.o)
    0x000002d2   0x00000000   Code   RO          291    .ARM.Collect$$rtentry$$00000009  c_w.l(rtentry2.o)
    0x000002d2   0x00000004   Code   RO          292    .ARM.Collect$$rtentry$$0000000A  c_w.l(rtentry2.o)
    0x000002d6   0x00000000   Code   RO          294    .ARM.Collect$$rtentry$$0000000C  c_w.l(rtentry2.o)
    0x000002d6   0x00000008   Code   RO          295    .ARM.Collect$$rtentry$$0000000D  c_w.l(rtentry2.o)
    0x000002de   0x00000002   Code   RO          331    .ARM.Collect$$rtexit$$00000000  c_w.l(rtexit.o)
    0x000002e0   0x00000000   Code   RO          379    .ARM.Collect$$rtexit$$00000002  c_w.l(rtexit2.o)
    0x000002e0   0x00000004   Code   RO          380    .ARM.Collect$$rtexit$$00000003  c_w.l(rtexit2.o)
    0x000002e4   0x00000006   Code   RO          381    .ARM.Collect$$rtexit$$00000004  c_w.l(rtexit2.o)
    0x000002ea   0x00000002   PAD
    0x000002ec   0x00000124   Code   RO            4  * .text               startup_tm4c123.o
    0x00000410   0x00000508   Code   RO           10    .text               gpio.o
    0x00000918   0x000005cc   Code   RO           35    .text               uart.o
    0x00000ee4   0x00000500   Code   RO           56    .text               gps.o
    0x000013e4   0x000000d4   Code   RO           97    .text               led.o
    0x000014b8   0x00000070   Code   RO          121    .text               systick.o
    0x00001528   0x000000f0   Code   RO          142    .text               app.o
    0x00001618   0x00000064   Code   RO          183    .text               c_w.l(rt_memcpy_w.o)
    0x0000167c   0x0000004e   Code   RO          185    .text               c_w.l(rt_memclr_w.o)
    0x000016ca   0x00000006   Code   RO          187    .text               c_w.l(heapauxi.o)
    0x000016d0   0x00000016   Code   RO          250    .text               c_w.l(_rserrno.o)
    0x000016e6   0x00000002   PAD
    0x000016e8   0x00000008   Code   RO          306    .text               c_w.l(rt_errno_addr_intlibspace.o)
    0x000016f0   0x00000008   Code   RO          316    .text               c_w.l(libspace.o)
    0x000016f8   0x0000004a   Code   RO          319    .text               c_w.l(sys_stackheap_outer.o)
    0x00001742   0x0000000c   Code   RO          321    .text               c_w.l(exit.o)
    0x0000174e   0x00000002   PAD
    0x00001750   0x0000000c   Code   RO          389    .text               c_w.l(sys_exit.o)
    0x0000175c   0x00000002   Code   RO          400    .text               c_w.l(use_no_semi.o)
    0x0000175e   0x00000000   Code   RO          402    .text               c_w.l(indicate_semi.o)
    0x0000175e   0x00000028   Code   RO          312    i.__ARM_fpclassify  m_ws.l(fpclassify.o)
    0x00001786   0x00000002   PAD
    0x00001788   0x00000388   Code   RO          277    i.__ieee754_rem_pio2  m_ws.l(rred.o)
    0x00001b10   0x000000fc   Code   RO          273    i.__kernel_cos      m_ws.l(cos_i.o)
    0x00001c0c   0x000000aa   Code   RO          314    i.__kernel_poly     m_ws.l(poly.o)
    0x00001cb6   0x00000002   PAD
    0x00001cb8   0x000000ec   Code   RO          282    i.__kernel_sin      m_ws.l(sin_i.o)
    0x00001da4   0x00000010   Code   RO          310    i.__mathlib_dbl_underflow  m_ws.l(dunder.o)
    0x00001db4   0x00000224   Code   RO          264    i.atan              m_ws.l(atan.o)
    0x00001fd8   0x00000180   Code   RO          218    i.atan2             m_ws.l(atan2.o)
    0x00002158   0x000000ac   Code   RO          226    i.cos               m_ws.l(cos.o)
    0x00002204   0x000000b0   Code   RO          234    i.sin               m_ws.l(sin.o)
    0x000022b4   0x0000004c   Code   RO          242    i.sqrt              m_ws.l(sqrt.o)
    0x00002300   0x00000150   Code   RO          191    x$fpl$dadd          fz_ws.l(daddsub_clz.o)
    0x00002450   0x00000010   Code   RO          308    x$fpl$dcheck1       fz_ws.l(dcheck1.o)
    0x00002460   0x00000018   Code   RO          252    x$fpl$dcmpinf       fz_ws.l(dcmpi.o)
    0x00002478   0x000002b0   Code   RO          198    x$fpl$ddiv          fz_ws.l(ddiv.o)
    0x00002728   0x0000005e   Code   RO          201    x$fpl$dfix          fz_ws.l(dfix.o)
    0x00002786   0x0000002e   Code   RO          206    x$fpl$dflt          fz_ws.l(dflt_clz.o)
    0x000027b4   0x00000026   Code   RO          205    x$fpl$dfltu         fz_ws.l(dflt_clz.o)
    0x000027da   0x00000002   PAD
    0x000027dc   0x00000078   Code   RO          211    x$fpl$dleqf         fz_ws.l(dleqf.o)
    0x00002854   0x00000154   Code   RO          213    x$fpl$dmul          fz_ws.l(dmul.o)
    0x000029a8   0x0000009c   Code   RO          254    x$fpl$dnaninf       fz_ws.l(dnaninf.o)
    0x00002a44   0x0000000c   Code   RO          256    x$fpl$dretinf       fz_ws.l(dretinf.o)
    0x00002a50   0x0000006c   Code   RO          215    x$fpl$drleqf        fz_ws.l(drleqf.o)
    0x00002abc   0x00000016   Code   RO          192    x$fpl$drsb          fz_ws.l(daddsub_clz.o)
    0x00002ad2   0x00000002   PAD
    0x00002ad4   0x00000198   Code   RO          258    x$fpl$dsqrt         fz_ws.l(dsqrt_umaal.o)
    0x00002c6c   0x000001d4   Code   RO          193    x$fpl$dsub          fz_ws.l(daddsub_clz.o)
    0x00002e40   0x00000064   Code   RO          329    x$fpl$retnan        fz_ws.l(retnan.o)
    0x00002ea4   0x0000005c   Code   RO          260    x$fpl$scalbn        fz_ws.l(scalbn.o)
    0x00002f00   0x00000030   Code   RO          376    x$fpl$trapveneer    fz_ws.l(trapv.o)
    0x00002f30   0x00000000   Code   RO          262    x$fpl$usenofp       fz_ws.l(usenofp.o)
    0x00002f30   0x00000098   Data   RO          265    .constdata          m_ws.l(atan.o)
    0x00002fc8   0x00000030   Data   RO          274    .constdata          m_ws.l(cos_i.o)
    0x00002ff8   0x00000008   Data   RO          276    .constdata          m_ws.l(qnan.o)
    0x00003000   0x000000c8   Data   RO          279    .constdata          m_ws.l(rred.o)
    0x000030c8   0x00000028   Data   RO          283    .constdata          m_ws.l(sin_i.o)
    0x000030f0   0x00000010   Data   RO          454    Region$$Table       anon$$obj.o


    Execution Region ER_RW (Base: 0x20000000, Size: 0x00000000, Max: 0xffffffff, ABSOLUTE)

    **** No section assigned to this execution region ****


    Execution Region ER_ZI (Base: 0x20000000, Size: 0x00000260, Max: 0xffffffff, ABSOLUTE)

    Base Addr    Size         Type   Attr      Idx    E Section Name        Object

    0x20000000   0x00000060   Zero   RW          317    .bss                c_w.l(libspace.o)
    0x20000060   0x00000000   Zero   RW            2    HEAP                startup_tm4c123.o
    0x20000060   0x00000200   Zero   RW            1    STACK               startup_tm4c123.o


==============================================================================

Image component sizes


      Code (inc. data)   RO Data    RW Data    ZI Data      Debug   Object Name

       240         24          0          0          0        974   app.o
      1288        138          0          0          0       6149   gpio.o
      1280         72          0          0          0       2695   gps.o
       212          0          0          0          0        822   led.o
       292         24        620          0        512       5440   startup_tm4c123.o
       112          6          0          0          0        986   systick.o
      1484         82          0          0          0       4574   uart.o

    ----------------------------------------------------------------------
      4908        346        636          0        512      21640   Object Totals
         0          0         16          0          0          0   (incl. Generated)
         0          0          0          0          0          0   (incl. Padding)

    ----------------------------------------------------------------------

      Code (inc. data)   RO Data    RW Data    ZI Data      Debug   Library Member Name

         8          0          0          0          0         68   __main.o
        52          8          0          0          0          0   __scatter.o
        28          0          0          0          0          0   __scatter_zi.o
        22          0          0          0          0        100   _rserrno.o
        12          0          0          0          0         72   exit.o
         6          0          0          0          0        152   heapauxi.o
         0          0          0          0          0          0   indicate_semi.o
         2          0          0          0          0          0   libinit.o
         2          0          0          0          0          0   libinit2.o
         2          0          0          0          0          0   libshutdown.o
         2          0          0          0          0          0   libshutdown2.o
         8          4          0          0         96         68   libspace.o
         8          4          0          0          0         68   rt_errno_addr_intlibspace.o
        78          0          0          0          0         80   rt_memclr_w.o
       100          0          0          0          0         80   rt_memcpy_w.o
         0          0          0          0          0          0   rtentry.o
        12          0          0          0          0          0   rtentry2.o
         6          0          0          0          0          0   rtentry4.o
         2          0          0          0          0          0   rtexit.o
        10          0          0          0          0          0   rtexit2.o
        12          4          0          0          0         68   sys_exit.o
        74          0          0          0          0         80   sys_stackheap_outer.o
         2          0          0          0          0         68   use_no_semi.o
       826         16          0          0          0        348   daddsub_clz.o
        16          4          0          0          0         68   dcheck1.o
        24          0          0          0          0         68   dcmpi.o
       688        140          0          0          0        208   ddiv.o
        94          4          0          0          0         92   dfix.o
        84          0          0          0          0        136   dflt_clz.o
       120          4          0          0          0         92   dleqf.o
       340         12          0          0          0        104   dmul.o
       156          4          0          0          0         92   dnaninf.o
        12          0          0          0          0         68   dretinf.o
       108          0          0          0          0         80   drleqf.o
       408         56          0          0          0        120   dsqrt_umaal.o
       100          0          0          0          0         68   retnan.o
        92          0          0          0          0         68   scalbn.o
        48          0          0          0          0         68   trapv.o
         0          0          0          0          0          0   usenofp.o
       548         70        152          0          0        124   atan.o
       384         38          0          0          0        144   atan2.o
       172          8          0          0          0        112   cos.o
       252         22         48          0          0        124   cos_i.o
        16          6          0          0          0         68   dunder.o
        40          0          0          0          0         68   fpclassify.o
       170          0          0          0          0         96   poly.o
         0          0          8          0          0          0   qnan.o
       904         72        200          0          0        140   rred.o
       176         10          0          0          0        116   sin.o
       236         12         40          0          0        128   sin_i.o
        76          0          0          0          0         84   sqrt.o

    ----------------------------------------------------------------------
      6552        498        448          0         96       3788   Library Totals
        14          0          0          0          0          0   (incl. Padding)

    ----------------------------------------------------------------------

      Code (inc. data)   RO Data    RW Data    ZI Data      Debug   Library Name

       448         20          0          0         96        904   c_w.l
      3116        240          0          0          0       1680   fz_ws.l
      2974        238        448          0          0       1204   m_ws.l

    ----------------------------------------------------------------------
      6552        498        448          0         96       3788   Library Totals

    ----------------------------------------------------------------------

==============================================================================


      Code (inc. data)   RO Data    RW Data    ZI Data      Debug   

     11460        844       1084          0        608      22984   Grand Totals
     11460        844       1084          0        608      22984   ELF Image Totals
     11460        844       1084          0          0          0   ROM Totals

==============================================================================

    Total RO  Size (Code + RO Data)                12544 (  12.25kB)
    Total RW  Size (RW Data + ZI Data)               608 (   0.59kB)
    Total ROM Size (Code + RO Data + RW Data)      12544 (  12.25kB)

==============================================================================

