<html>
<body>
<pre>
<h1>µVision Build Log</h1>
<h2>Project:</h2>
F:\GIT\GPS-Tracking-System-using-TIVA-C\GPS project\GPS project.uvproj
Project File Date:  05/07/2023

<h2>Output:</h2>
Build target 'Target 1'
linking...
Program Size: Code=4528 RO-data=636 RW-data=0 ZI-data=608  
".\GPS project.axf" - 0 Error(s), 0 Warning(s).
\APP.c(17): warning:  #1-D: last line of file ends without a newline
  }
Application\APP.c: 2 warnings, 0 errors
linking...
Program Size: Code=4528 RO-data=636 RW-data=0 ZI-data=608  
".\GPS project.axf" - 0 Error(s), 2 Warning(s).
